Component: ARM Compiler 5.06 update 5 (build 528) Tool: armlink [4d35e2]

==============================================================================

Section Cross References

    startup_stm32f407xx.o(RESET) refers to startup_stm32f407xx.o(STACK) for __initial_sp
    startup_stm32f407xx.o(RESET) refers to startup_stm32f407xx.o(.text) for Reset_Handler
    startup_stm32f407xx.o(RESET) refers to stm32f4xx_it.o(i.NMI_Handler) for NMI_Handler
    startup_stm32f407xx.o(RESET) refers to stm32f4xx_it.o(i.HardFault_Handler) for HardFault_Handler
    startup_stm32f407xx.o(RESET) refers to stm32f4xx_it.o(i.MemManage_Handler) for MemManage_Handler
    startup_stm32f407xx.o(RESET) refers to stm32f4xx_it.o(i.BusFault_Handler) for BusFault_Handler
    startup_stm32f407xx.o(RESET) refers to stm32f4xx_it.o(i.UsageFault_Handler) for UsageFault_Handler
    startup_stm32f407xx.o(RESET) refers to port.o(.emb_text) for SVC_Handler
    startup_stm32f407xx.o(RESET) refers to stm32f4xx_it.o(i.DebugMon_Handler) for DebugMon_Handler
    startup_stm32f407xx.o(RESET) refers to cmsis_os2.o(i.SysTick_Handler) for SysTick_Handler
    startup_stm32f407xx.o(RESET) refers to stm32f4xx_it.o(i.TIM1_UP_TIM10_IRQHandler) for TIM1_UP_TIM10_IRQHandler
    startup_stm32f407xx.o(RESET) refers to stm32f4xx_it.o(i.USART1_IRQHandler) for USART1_IRQHandler
    startup_stm32f407xx.o(RESET) refers to stm32f4xx_it.o(i.USART2_IRQHandler) for USART2_IRQHandler
    startup_stm32f407xx.o(RESET) refers to stm32f4xx_it.o(i.USART3_IRQHandler) for USART3_IRQHandler
    startup_stm32f407xx.o(RESET) refers to stm32f4xx_it.o(i.UART4_IRQHandler) for UART4_IRQHandler
    startup_stm32f407xx.o(RESET) refers to stm32f4xx_it.o(i.TIM7_IRQHandler) for TIM7_IRQHandler
    startup_stm32f407xx.o(RESET) refers to stm32f4xx_it.o(i.DMA2_Stream0_IRQHandler) for DMA2_Stream0_IRQHandler
    startup_stm32f407xx.o(.text) refers to system_stm32f4xx.o(i.SystemInit) for SystemInit
    startup_stm32f407xx.o(.text) refers to entry.o(.ARM.Collect$$$$00000000) for __main
    main.o(i.HAL_TIM_PeriodElapsedCallback) refers to stm32f4xx_hal.o(i.HAL_IncTick) for HAL_IncTick
    main.o(i.HAL_TIM_PeriodElapsedCallback) refers to cmsis_os2.o(i.osSemaphoreRelease) for osSemaphoreRelease
    main.o(i.HAL_TIM_PeriodElapsedCallback) refers to tim.o(.bss) for htim2
    main.o(i.HAL_TIM_PeriodElapsedCallback) refers to yfs401.o(.bss) for golbal_flow
    main.o(i.HAL_TIM_PeriodElapsedCallback) refers to freertos.o(.data) for Flow_BinarySemHandle
    main.o(i.SystemClock_Config) refers to memseta.o(.text) for __aeabi_memclr4
    main.o(i.SystemClock_Config) refers to stm32f4xx_hal_rcc.o(i.HAL_RCC_OscConfig) for HAL_RCC_OscConfig
    main.o(i.SystemClock_Config) refers to stm32f4xx_hal_rcc.o(i.HAL_RCC_ClockConfig) for HAL_RCC_ClockConfig
    main.o(i.main) refers to stm32f4xx_hal.o(i.HAL_Init) for HAL_Init
    main.o(i.main) refers to main.o(i.SystemClock_Config) for SystemClock_Config
    main.o(i.main) refers to gpio.o(i.MX_GPIO_Init) for MX_GPIO_Init
    main.o(i.main) refers to dma.o(i.MX_DMA_Init) for MX_DMA_Init
    main.o(i.main) refers to usart.o(i.MX_USART1_UART_Init) for MX_USART1_UART_Init
    main.o(i.main) refers to usart.o(i.MX_USART2_UART_Init) for MX_USART2_UART_Init
    main.o(i.main) refers to usart.o(i.MX_USART3_UART_Init) for MX_USART3_UART_Init
    main.o(i.main) refers to adc.o(i.MX_ADC1_Init) for MX_ADC1_Init
    main.o(i.main) refers to spi.o(i.MX_SPI2_Init) for MX_SPI2_Init
    main.o(i.main) refers to tim.o(i.MX_TIM2_Init) for MX_TIM2_Init
    main.o(i.main) refers to tim.o(i.MX_TIM7_Init) for MX_TIM7_Init
    main.o(i.main) refers to usart.o(i.MX_UART4_Init) for MX_UART4_Init
    main.o(i.main) refers to all_init.o(i.ALL_Init) for ALL_Init
    main.o(i.main) refers to cmsis_os2.o(i.osKernelInitialize) for osKernelInitialize
    main.o(i.main) refers to freertos.o(i.MX_FREERTOS_Init) for MX_FREERTOS_Init
    main.o(i.main) refers to cmsis_os2.o(i.osKernelStart) for osKernelStart
    gpio.o(i.MX_GPIO_Init) refers to memseta.o(.text) for __aeabi_memclr4
    gpio.o(i.MX_GPIO_Init) refers to stm32f4xx_hal_gpio.o(i.HAL_GPIO_WritePin) for HAL_GPIO_WritePin
    gpio.o(i.MX_GPIO_Init) refers to stm32f4xx_hal_gpio.o(i.HAL_GPIO_Init) for HAL_GPIO_Init
    freertos.o(i.Flow_StartTask) refers to cmsis_os2.o(i.osSemaphoreAcquire) for osSemaphoreAcquire
    freertos.o(i.Flow_StartTask) refers to yfs401.o(i.Flow_Read) for Flow_Read
    freertos.o(i.Flow_StartTask) refers to freertos.o(.data) for .data
    freertos.o(i.HMI_StartTask) refers to cmsis_os2.o(i.osSemaphoreAcquire) for osSemaphoreAcquire
    freertos.o(i.HMI_StartTask) refers to usart_dsl.o(i.HMI_Handle) for HMI_Handle
    freertos.o(i.HMI_StartTask) refers to freertos.o(.data) for .data
    freertos.o(i.MX_FREERTOS_Init) refers to cmsis_os2.o(i.osMutexNew) for osMutexNew
    freertos.o(i.MX_FREERTOS_Init) refers to cmsis_os2.o(i.osSemaphoreNew) for osSemaphoreNew
[...]
    EXTI0_IRQHandler                         0x08000277   Thumb Code     0  startup_stm32f407xx.o(.text)
    EXTI15_10_IRQHandler                     0x08000277   Thumb Code     0  startup_stm32f407xx.o(.text)
    EXTI1_IRQHandler                         0x08000277   Thumb Code     0  startup_stm32f407xx.o(.text)
    EXTI2_IRQHandler                         0x08000277   Thumb Code     0  startup_stm32f407xx.o(.text)
    EXTI3_IRQHandler                         0x08000277   Thumb Code     0  startup_stm32f407xx.o(.text)
    EXTI4_IRQHandler                         0x08000277   Thumb Code     0  startup_stm32f407xx.o(.text)
    EXTI9_5_IRQHandler                       0x08000277   Thumb Code     0  startup_stm32f407xx.o(.text)
    FLASH_IRQHandler                         0x08000277   Thumb Code     0  startup_stm32f407xx.o(.text)
    FMC_IRQHandler                           0x08000277   Thumb Code     0  startup_stm32f407xx.o(.text)
    FPU_IRQHandler                           0x08000277   Thumb Code     0  startup_stm32f407xx.o(.text)
    HASH_RNG_IRQHandler                      0x08000277   Thumb Code     0  startup_stm32f407xx.o(.text)
    I2C1_ER_IRQHandler                       0x08000277   Thumb Code     0  startup_stm32f407xx.o(.text)
    I2C1_EV_IRQHandler                       0x08000277   Thumb Code     0  startup_stm32f407xx.o(.text)
    I2C2_ER_IRQHandler                       0x08000277   Thumb Code     0  startup_stm32f407xx.o(.text)
    I2C2_EV_IRQHandler                       0x08000277   Thumb Code     0  startup_stm32f407xx.o(.text)
    I2C3_ER_IRQHandler                       0x08000277   Thumb Code     0  startup_stm32f407xx.o(.text)
    I2C3_EV_IRQHandler                       0x08000277   Thumb Code     0  startup_stm32f407xx.o(.text)
    OTG_FS_IRQHandler                        0x08000277   Thumb Code     0  startup_stm32f407xx.o(.text)
    OTG_FS_WKUP_IRQHandler                   0x08000277   Thumb Code     0  startup_stm32f407xx.o(.text)
    OTG_HS_EP1_IN_IRQHandler                 0x08000277   Thumb Code     0  startup_stm32f407xx.o(.text)
    OTG_HS_EP1_OUT_IRQHandler                0x08000277   Thumb Code     0  startup_stm32f407xx.o(.text)
    OTG_HS_IRQHandler                        0x08000277   Thumb Code     0  startup_stm32f407xx.o(.text)
    OTG_HS_WKUP_IRQHandler                   0x08000277   Thumb Code     0  startup_stm32f407xx.o(.text)
    PVD_IRQHandler                           0x08000277   Thumb Code     0  startup_stm32f407xx.o(.text)
    RCC_IRQHandler                           0x08000277   Thumb Code     0  startup_stm32f407xx.o(.text)
    RTC_Alarm_IRQHandler                     0x08000277   Thumb Code     0  startup_stm32f407xx.o(.text)
    RTC_WKUP_IRQHandler                      0x08000277   Thumb Code     0  startup_stm32f407xx.o(.text)
    SDIO_IRQHandler                          0x08000277   Thumb Code     0  startup_stm32f407xx.o(.text)
    SPI1_IRQHandler                          0x08000277   Thumb Code     0  startup_stm32f407xx.o(.text)
    SPI2_IRQHandler                          0x08000277   Thumb Code     0  startup_stm32f407xx.o(.text)
    SPI3_IRQHandler                          0x08000277   Thumb Code     0  startup_stm32f407xx.o(.text)
    TAMP_STAMP_IRQHandler                    0x08000277   Thumb Code     0  startup_stm32f407xx.o(.text)
    TIM1_BRK_TIM9_IRQHandler                 0x08000277   Thumb Code     0  startup_stm32f407xx.o(.text)
    TIM1_CC_IRQHandler                       0x08000277   Thumb Code     0  startup_stm32f407xx.o(.text)
    TIM1_TRG_COM_TIM11_IRQHandler            0x08000277   Thumb Code     0  startup_stm32f407xx.o(.text)
    TIM2_IRQHandler                          0x08000277   Thumb Code     0  startup_stm32f407xx.o(.text)
    TIM3_IRQHandler                          0x08000277   Thumb Code     0  startup_stm32f407xx.o(.text)
    TIM4_IRQHandler                          0x08000277   Thumb Code     0  startup_stm32f407xx.o(.text)
    TIM5_IRQHandler                          0x08000277   Thumb Code     0  startup_stm32f407xx.o(.text)
    TIM6_DAC_IRQHandler                      0x08000277   Thumb Code     0  startup_stm32f407xx.o(.text)
    TIM8_BRK_TIM12_IRQHandler                0x08000277   Thumb Code     0  startup_stm32f407xx.o(.text)
    TIM8_CC_IRQHandler                       0x08000277   Thumb Code     0  startup_stm32f407xx.o(.text)
    TIM8_TRG_COM_TIM14_IRQHandler            0x08000277   Thumb Code     0  startup_stm32f407xx.o(.text)
    TIM8_UP_TIM13_IRQHandler                 0x08000277   Thumb Code     0  startup_stm32f407xx.o(.text)
    UART5_IRQHandler                         0x08000277   Thumb Code     0  startup_stm32f407xx.o(.text)
    USART6_IRQHandler                        0x08000277   Thumb Code     0  startup_stm32f407xx.o(.text)
    WWDG_IRQHandler                          0x08000277   Thumb Code     0  startup_stm32f407xx.o(.text)
    __aeabi_uldivmod                         0x08000281   Thumb Code    98  uldiv.o(.text)
    tolower                                  0x080002e3   Thumb Code    12  tolower.o(.text)
    __aeabi_memcpy                           0x080002ef   Thumb Code    36  memcpya.o(.text)
    __aeabi_memcpy4                          0x080002ef   Thumb Code     0  memcpya.o(.text)
    __aeabi_memcpy8                          0x080002ef   Thumb Code     0  memcpya.o(.text)
    __aeabi_memset                           0x08000313   Thumb Code    14  memseta.o(.text)
    __aeabi_memset4                          0x08000313   Thumb Code     0  memseta.o(.text)
    __aeabi_memset8                          0x08000313   Thumb Code     0  memseta.o(.text)
    __aeabi_memclr                           0x08000321   Thumb Code     4  memseta.o(.text)
    __aeabi_memclr4                          0x08000321   Thumb Code     0  memseta.o(.text)
    __aeabi_memclr8                          0x08000321   Thumb Code     0  memseta.o(.text)
    memset                                   0x08000325   Thumb Code    18  memseta.o(.text)
    strstr                                   0x08000337   Thumb Code    36  strstr.o(.text)
    strncpy                                  0x0800035b   Thumb Code    24  strncpy.o(.text)
    strchr                                   0x08000373   Thumb Code    20  strchr.o(.text)
    strlen                                   0x08000387   Thumb Code    14  strlen.o(.text)
    strcmp                                   0x08000395   Thumb Code    28  strcmp.o(.text)
    strcpy                                   0x080003b1   Thumb Code    18  strcpy.o(.text)
    strncmp                                  0x080003c3   Thumb Code    30  strncmp.o(.text)
    strrchr                                  0x080003e1   Thumb Code    32  strrchr.o(.text)
    _scanf_real                              0x08000529   Thumb Code     0  scanf_fp.o(.text)
    _scanf_really_real                       0x08000529   Thumb Code   556  scanf_fp.o(.text)
    __aeabi_dadd                             0x08000761   Thumb Code   322  dadd.o(.text)
    __aeabi_dsub                             0x080008a3   Thumb Code     6  dadd.o(.text)
    __aeabi_drsub                            0x080008a9   Thumb Code     6  dadd.o(.text)
    __aeabi_dmul                             0x080008af   Thumb Code   228  dmul.o(.text)
    __aeabi_i2d                              0x08000993   Thumb Code    34  dflti.o(.text)
    __aeabi_ui2d                             0x080009b5   Thumb Code    26  dfltui.o(.text)
    __aeabi_d2iz                             0x080009cf   Thumb Code    62  dfixi.o(.text)
    __aeabi_f2d                              0x08000a0d   Thumb Code    38  f2d.o(.text)
    __aeabi_cdcmpeq                          0x08000a35   Thumb Code     0  cdcmple.o(.text)
    __aeabi_cdcmple                          0x08000a35   Thumb Code    48  cdcmple.o(.text)
    __aeabi_cdrcmple                         0x08000a65   Thumb Code    48  cdrcmple.o(.text)
    __aeabi_d2f                              0x08000a95   Thumb Code    56  d2f.o(.text)
    __aeabi_uidiv                            0x08000acd   Thumb Code     0  uidiv.o(.text)
    __aeabi_uidivmod                         0x08000acd   Thumb Code    44  uidiv.o(.text)
    __aeabi_llsl                             0x08000af9   Thumb Code    30  llshl.o(.text)
    _ll_shift_l                              0x08000af9   Thumb Code     0  llshl.o(.text)
    __aeabi_llsr                             0x08000b17   Thumb Code    32  llushr.o(.text)
    _ll_ushift_r                             0x08000b17   Thumb Code     0  llushr.o(.text)
    __aeabi_lasr                             0x08000b37   Thumb Code    36  llsshr.o(.text)
    _ll_sshift_r                             0x08000b37   Thumb Code     0  llsshr.o(.text)
    _sgetc                                   0x08000b5b   Thumb Code    30  _sgetc.o(.text)
    _sbackspace                              0x08000b79   Thumb Code    34  _sgetc.o(.text)
    __strtod_int                             0x08000bd3   Thumb Code    90  strtod.o(.text)
    __I$use$fp                               0x08000c39   Thumb Code     0  iusefp.o(.text)
    _float_round                             0x08000c39   Thumb Code    18  fepilogue.o(.text)
    _float_epilogue                          0x08000c4b   Thumb Code    92  fepilogue.o(.text)
    _double_round                            0x08000ca7   Thumb Code    30  depilogue.o(.text)
    _double_epilogue                         0x08000cc5   Thumb Code   156  depilogue.o(.text)
    __aeabi_ddiv                             0x08000d61   Thumb Code   222  ddiv.o(.text)
    __aeabi_ul2d                             0x08000e3f   Thumb Code    24  dfltul.o(.text)
    __aeabi_d2ulz                            0x08000e57   Thumb Code    48  dfixul.o(.text)
    __scatterload                            0x08000e89   Thumb Code    28  init.o(.text)
    __scatterload_rt2                        0x08000e89   Thumb Code     0  init.o(.text)
    isspace                                  0x08000ead   Thumb Code    10  isspace_c.o(.text)
    __ctype_lookup                           0x08000eb9   Thumb Code    34  ctype_c.o(.text)
    __decompress                             0x08000ee1   Thumb Code     0  __dczerorl2.o(.text)
    __decompress1                            0x08000ee1   Thumb Code    86  __dczerorl2.o(.text)
    ALL_Init                                 0x080010ed   Thumb Code   110  all_init.o(i.ALL_Init)
    BusFault_Handler                         0x080011b9   Thumb Code     2  stm32f4xx_it.o(i.BusFault_Handler)
    CPU_TS_TmrInit                           0x080011bd   Thumb Code    26  core_delay.o(i.CPU_TS_TmrInit)
    CPU_TS_Tmr_Delay_US                      0x080011e1   Thumb Code    56  core_delay.o(i.CPU_TS_Tmr_Delay_US)
    DMA2_Stream0_IRQHandler                  0x08001225   Thumb Code    24  stm32f4xx_it.o(i.DMA2_Stream0_IRQHandler)
    DQ_GPIO_IN                               0x080012ed   Thumb Code    58  ds18b20.o(i.DQ_GPIO_IN)
    DQ_GPIO_OUT                              0x08001331   Thumb Code    56  ds18b20.o(i.DQ_GPIO_OUT)
    DQ_Write                                 0x08001371   Thumb Code    18  ds18b20.o(i.DQ_Write)
    DebugMon_Handler                         0x08001389   Thumb Code     2  stm32f4xx_it.o(i.DebugMon_Handler)
    Ds18B20_CheckPulse                       0x0800138d   Thumb Code    84  ds18b20.o(i.Ds18B20_CheckPulse)
    Ds18B20_Read_Byte                        0x080013e5   Thumb Code    34  ds18b20.o(i.Ds18B20_Read_Byte)
    Ds18B20_Write_Byte                       0x08001409   Thumb Code    72  ds18b20.o(i.Ds18B20_Write_Byte)
    Ds18b20_Get_Temp                         0x08001451   Thumb Code   100  ds18b20.o(i.Ds18b20_Get_Temp)
    Ds18b20_Init                             0x080014bd   Thumb Code    54  ds18b20.o(i.Ds18b20_Init)
    Ds18b20_Read_Bit                         0x0800152d   Thumb Code    50  ds18b20.o(i.Ds18b20_Read_Bit)
    Ds18b20_Reset                            0x08001565   Thumb Code    36  ds18b20.o(i.Ds18b20_Reset)
    ESP8266_Clear                            0x08001589   Thumb Code    18  esp8266.o(i.ESP8266_Clear)
    ESP8266_Init                             0x080015a1   Thumb Code   228  esp8266.o(i.ESP8266_Init)
    ESP8266_SendCMD                          0x08001865   Thumb Code    76  esp8266.o(i.ESP8266_SendCMD)
    ESP8266_SendData                         0x080018b9   Thumb Code    62  esp8266.o(i.ESP8266_SendData)
    ESP8266_WaitRecive                       0x08001911   Thumb Code    36  esp8266.o(i.ESP8266_WaitRecive)
    Error_Handler                            0x08001939   Thumb Code     4  main.o(i.Error_Handler)
    Flow_Read                                0x0800193d   Thumb Code   188  yfs401.o(i.Flow_Read)
    Flow_StartTask                           0x08001a69   Thumb Code    20  freertos.o(i.Flow_StartTask)
    HAL_ADC_ConfigChannel                    0x08001a81   Thumb Code   316  stm32f4xx_hal_adc.o(i.HAL_ADC_ConfigChannel)
    HAL_ADC_ConvCpltCallback                 0x08001bcd   Thumb Code     2  stm32f4xx_hal_adc.o(i.HAL_ADC_ConvCpltCallback)
    HAL_ADC_ConvHalfCpltCallback             0x08001bcf   Thumb Code     2  stm32f4xx_hal_adc.o(i.HAL_ADC_ConvHalfCpltCallback)
    HAL_ADC_ErrorCallback                    0x08001bd1   Thumb Code     2  stm32f4xx_hal_adc.o(i.HAL_ADC_ErrorCallback)
    HAL_ADC_Init                             0x08001bd3   Thumb Code    84  stm32f4xx_hal_adc.o(i.HAL_ADC_Init)
    HAL_ADC_MspInit                          0x08001c29   Thumb Code   132  adc.o(i.HAL_ADC_MspInit)
    HAL_ADC_Start_DMA                        0x08001cc1   Thumb Code   302  stm32f4xx_hal_adc.o(i.HAL_ADC_Start_DMA)
    HAL_ADC_Stop_DMA                         0x08001e15   Thumb Code   108  stm32f4xx_hal_adc.o(i.HAL_ADC_Stop_DMA)
    HAL_DMA_Abort                            0x08001e81   Thumb Code   146  stm32f4xx_hal_dma.o(i.HAL_DMA_Abort)
    HAL_DMA_Abort_IT                         0x08001f13   Thumb Code    36  stm32f4xx_hal_dma.o(i.HAL_DMA_Abort_IT)
    HAL_DMA_IRQHandler                       0x08001f39   Thumb Code   412  stm32f4xx_hal_dma.o(i.HAL_DMA_IRQHandler)
    HAL_DMA_Init                             0x080020d9   Thumb Code   206  stm32f4xx_hal_dma.o(i.HAL_DMA_Init)
    HAL_DMA_Start_IT                         0x080021ad   Thumb Code   110  stm32f4xx_hal_dma.o(i.HAL_DMA_Start_IT)
    HAL_Delay                                0x0800221d   Thumb Code    32  stm32f4xx_hal.o(i.HAL_Delay)
    HAL_GPIO_Init                            0x08002241   Thumb Code   450  stm32f4xx_hal_gpio.o(i.HAL_GPIO_Init)
    HAL_GPIO_ReadPin                         0x08002431   Thumb Code    10  stm32f4xx_hal_gpio.o(i.HAL_GPIO_ReadPin)
    HAL_GPIO_WritePin                        0x0800243b   Thumb Code    10  stm32f4xx_hal_gpio.o(i.HAL_GPIO_WritePin)
    HAL_GetTick                              0x08002445   Thumb Code     6  stm32f4xx_hal.o(i.HAL_GetTick)
    HAL_IncTick                              0x08002451   Thumb Code    12  stm32f4xx_hal.o(i.HAL_IncTick)
    HAL_Init                                 0x08002461   Thumb Code    48  stm32f4xx_hal.o(i.HAL_Init)
    HAL_InitTick                             0x08002495   Thumb Code   120  stm32f4xx_hal_timebase_tim.o(i.HAL_InitTick)
    HAL_MspInit                              0x08002521   Thumb Code    52  stm32f4xx_hal_msp.o(i.HAL_MspInit)
    HAL_NVIC_EnableIRQ                       0x08002559   Thumb Code    26  stm32f4xx_hal_cortex.o(i.HAL_NVIC_EnableIRQ)
    HAL_NVIC_SetPriority                     0x08002575   Thumb Code    60  stm32f4xx_hal_cortex.o(i.HAL_NVIC_SetPriority)
    HAL_NVIC_SetPriorityGrouping             0x080025b5   Thumb Code    26  stm32f4xx_hal_cortex.o(i.HAL_NVIC_SetPriorityGrouping)
    HAL_RCC_ClockConfig                      0x080025d9   Thumb Code   288  stm32f4xx_hal_rcc.o(i.HAL_RCC_ClockConfig)
    HAL_RCC_GetClockConfig                   0x0800270d   Thumb Code    54  stm32f4xx_hal_rcc.o(i.HAL_RCC_GetClockConfig)
    HAL_RCC_GetPCLK1Freq                     0x0800274d   Thumb Code    20  stm32f4xx_hal_rcc.o(i.HAL_RCC_GetPCLK1Freq)
    HAL_RCC_GetPCLK2Freq                     0x0800276d   Thumb Code    20  stm32f4xx_hal_rcc.o(i.HAL_RCC_GetPCLK2Freq)
    HAL_RCC_GetSysClockFreq                  0x0800278d   Thumb Code    88  stm32f4xx_hal_rcc.o(i.HAL_RCC_GetSysClockFreq)
    HAL_RCC_OscConfig                        0x080027ed   Thumb Code   856  stm32f4xx_hal_rcc.o(i.HAL_RCC_OscConfig)
    HAL_SPI_Init                             0x08002b59   Thumb Code   188  stm32f4xx_hal_spi.o(i.HAL_SPI_Init)
    HAL_SPI_MspInit                          0x08002c15   Thumb Code   128  spi.o(i.HAL_SPI_MspInit)
    HAL_SPI_TransmitReceive                  0x08002ca5   Thumb Code   482  stm32f4xx_hal_spi.o(i.HAL_SPI_TransmitReceive)
    HAL_TIMEx_BreakCallback                  0x08002e87   Thumb Code     2  stm32f4xx_hal_tim_ex.o(i.HAL_TIMEx_BreakCallback)
    HAL_TIMEx_CommutCallback                 0x08002e89   Thumb Code     2  stm32f4xx_hal_tim_ex.o(i.HAL_TIMEx_CommutCallback)
    HAL_TIMEx_MasterConfigSynchronization    0x08002e8d   Thumb Code   116  stm32f4xx_hal_tim_ex.o(i.HAL_TIMEx_MasterConfigSynchronization)
    HAL_TIM_Base_Init                        0x08002f1d   Thumb Code    90  stm32f4xx_hal_tim.o(i.HAL_TIM_Base_Init)
    HAL_TIM_Base_MspInit                     0x08002f79   Thumb Code   128  tim.o(i.HAL_TIM_Base_MspInit)
    HAL_TIM_Base_Start                       0x08003005   Thumb Code    90  stm32f4xx_hal_tim.o(i.HAL_TIM_Base_Start)
    HAL_TIM_Base_Start_IT                    0x0800307d   Thumb Code   100  stm32f4xx_hal_tim.o(i.HAL_TIM_Base_Start_IT)
    HAL_TIM_Base_Stop                        0x080030fd   Thumb Code    38  stm32f4xx_hal_tim.o(i.HAL_TIM_Base_Stop)
    HAL_TIM_Base_Stop_IT                     0x08003123   Thumb Code    48  stm32f4xx_hal_tim.o(i.HAL_TIM_Base_Stop_IT)
    HAL_TIM_ConfigClockSource                0x08003153   Thumb Code   220  stm32f4xx_hal_tim.o(i.HAL_TIM_ConfigClockSource)
    HAL_TIM_IC_CaptureCallback               0x0800322f   Thumb Code     2  stm32f4xx_hal_tim.o(i.HAL_TIM_IC_CaptureCallback)
    HAL_TIM_IRQHandler                       0x08003231   Thumb Code   358  stm32f4xx_hal_tim.o(i.HAL_TIM_IRQHandler)
    HAL_TIM_OC_DelayElapsedCallback          0x08003397   Thumb Code     2  stm32f4xx_hal_tim.o(i.HAL_TIM_OC_DelayElapsedCallback)
    HAL_TIM_PWM_PulseFinishedCallback        0x08003399   Thumb Code     2  stm32f4xx_hal_tim.o(i.HAL_TIM_PWM_PulseFinishedCallback)
    HAL_TIM_PeriodElapsedCallback            0x0800339d   Thumb Code    52  main.o(i.HAL_TIM_PeriodElapsedCallback)
    HAL_TIM_TriggerCallback                  0x080033e5   Thumb Code     2  stm32f4xx_hal_tim.o(i.HAL_TIM_TriggerCallback)
    HAL_UARTEx_RxEventCallback               0x080033e7   Thumb Code     2  stm32f4xx_hal_uart.o(i.HAL_UARTEx_RxEventCallback)
    HAL_UART_ErrorCallback                   0x080033e9   Thumb Code     2  stm32f4xx_hal_uart.o(i.HAL_UART_ErrorCallback)
    HAL_UART_IRQHandler                      0x080033ed   Thumb Code   610  stm32f4xx_hal_uart.o(i.HAL_UART_IRQHandler)
    HAL_UART_Init                            0x08003655   Thumb Code    98  stm32f4xx_hal_uart.o(i.HAL_UART_Init)
    HAL_UART_MspInit                         0x080036b9   Thumb Code   338  usart.o(i.HAL_UART_MspInit)
    HAL_UART_Receive_IT                      0x0800382d   Thumb Code    42  stm32f4xx_hal_uart.o(i.HAL_UART_Receive_IT)
    HAL_UART_RxCpltCallback                  0x08003859   Thumb Code   278  usart_dsl.o(i.HAL_UART_RxCpltCallback)
    HAL_UART_Transmit                        0x080039a1   Thumb Code   178  stm32f4xx_hal_uart.o(i.HAL_UART_Transmit)
    HAL_UART_TxCpltCallback                  0x08003a53   Thumb Code     2  stm32f4xx_hal_uart.o(i.HAL_UART_TxCpltCallback)
    HMI_Handle                               0x08003a55   Thumb Code   174  usart_dsl.o(i.HMI_Handle)
    HMI_StartTask                            0x08003b7d   Thumb Code    20  freertos.o(i.HMI_StartTask)
    HardFault_Handler                        0x08003b95   Thumb Code     2  stm32f4xx_it.o(i.HardFault_Handler)
    LoRa_Init                                0x08003b99   Thumb Code    32  all_init.o(i.LoRa_Init)
    MFRC_CalulateCRC                         0x08003bf9   Thumb Code    96  rc522.o(i.MFRC_CalulateCRC)
    MFRC_ClrBitMask                          0x08003c5d   Thumb Code    24  rc522.o(i.MFRC_ClrBitMask)
    MFRC_CmdFrame                            0x08003c75   Thumb Code   282  rc522.o(i.MFRC_CmdFrame)
    MFRC_Init                                0x08003d95   Thumb Code    28  rc522.o(i.MFRC_Init)
    MFRC_ReadReg                             0x08003db5   Thumb Code    56  rc522.o(i.MFRC_ReadReg)
    MFRC_SetBitMask                          0x08003df1   Thumb Code    24  rc522.o(i.MFRC_SetBitMask)
    MFRC_WriteReg                            0x08003e09   Thumb Code    54  rc522.o(i.MFRC_WriteReg)
    MX_ADC1_Init                             0x08003e45   Thumb Code    86  adc.o(i.MX_ADC1_Init)
    MX_DMA_Init                              0x08003ea9   Thumb Code    40  dma.o(i.MX_DMA_Init)
    MX_FREERTOS_Init                         0x08003ed5   Thumb Code   140  freertos.o(i.MX_FREERTOS_Init)
    MX_GPIO_Init                             0x08003f81   Thumb Code   204  gpio.o(i.MX_GPIO_Init)
    MX_SPI2_Init                             0x08004059   Thumb Code    62  spi.o(i.MX_SPI2_Init)
    MX_TIM2_Init                             0x080040a1   Thumb Code    98  tim.o(i.MX_TIM2_Init)
    MX_TIM7_Init                             0x08004109   Thumb Code    64  tim.o(i.MX_TIM7_Init)
    MX_UART4_Init                            0x08004151   Thumb Code    48  usart.o(i.MX_UART4_Init)
    MX_USART1_UART_Init                      0x08004189   Thumb Code    48  usart.o(i.MX_USART1_UART_Init)
    MX_USART2_UART_Init                      0x080041c1   Thumb Code    48  usart.o(i.MX_USART2_UART_Init)
    MX_USART3_UART_Init                      0x080041f9   Thumb Code    48  usart.o(i.MX_USART3_UART_Init)
    MemManage_Handler                        0x08004231   Thumb Code     2  stm32f4xx_it.o(i.MemManage_Handler)
    NMI_Handler                              0x08004233   Thumb Code     2  stm32f4xx_it.o(i.NMI_Handler)
    PCD_AntennaOff                           0x08004235   Thumb Code     8  rc522.o(i.PCD_AntennaOff)
    PCD_AntennaOn                            0x0800423d   Thumb Code    26  rc522.o(i.PCD_AntennaOn)
    PCD_Anticoll                             0x08004257   Thumb Code   106  rc522.o(i.PCD_Anticoll)
    PCD_Halt                                 0x080042c1   Thumb Code    48  rc522.o(i.PCD_Halt)
    PCD_Init                                 0x080042f1   Thumb Code    62  rc522.o(i.PCD_Init)
    PCD_Mode                                 0x08004371   Thumb Code    86  rc522.o(i.PCD_Mode)
    PCD_Request                              0x080043c7   Thumb Code    80  rc522.o(i.PCD_Request)
    PCD_Reset                                0x08004419   Thumb Code   134  rc522.o(i.PCD_Reset)
    PCD_Select                               0x080044a5   Thumb Code   100  rc522.o(i.PCD_Select)
    RC522_Read                               0x08004509   Thumb Code   162  rc522.o(i.RC522_Read)
    RFID_StartTask                           0x08004619   Thumb Code    16  freertos.o(i.RFID_StartTask)
    SPI2_RW_Byte                             0x08004629   Thumb Code    26  rc522.o(i.SPI2_RW_Byte)
    StartDefaultTask                         0x0800475d   Thumb Code    12  freertos.o(i.StartDefaultTask)
    SysTick_Handler                          0x08004769   Thumb Code    26  cmsis_os2.o(i.SysTick_Handler)
    SystemClock_Config                       0x08004785   Thumb Code   138  main.o(i.SystemClock_Config)
    SystemInit                               0x08004819   Thumb Code    12  system_stm32f4xx.o(i.SystemInit)
    TDS_GetValue                             0x08004829   Thumb Code   178  tds.o(i.TDS_GetValue)
    TDS_Init                                 0x08004909   Thumb Code    50  tds.o(i.TDS_Init)
    TIM1_UP_TIM10_IRQHandler                 0x08004991   Thumb Code     6  stm32f4xx_it.o(i.TIM1_UP_TIM10_IRQHandler)
    TIM7_IRQHandler                          0x0800499d   Thumb Code     6  stm32f4xx_it.o(i.TIM7_IRQHandler)
    TIM_Base_SetConfig                       0x080049a9   Thumb Code   156  stm32f4xx_hal_tim.o(i.TIM_Base_SetConfig)
    TIM_ETR_SetConfig                        0x08004a71   Thumb Code    20  stm32f4xx_hal_tim.o(i.TIM_ETR_SetConfig)
    UART4_IRQHandler                         0x08004add   Thumb Code     6  stm32f4xx_it.o(i.UART4_IRQHandler)
    UART_Start_Receive_IT                    0x08004d15   Thumb Code    58  stm32f4xx_hal_uart.o(i.UART_Start_Receive_IT)
    USART1_IRQHandler                        0x08004dc9   Thumb Code     6  stm32f4xx_it.o(i.USART1_IRQHandler)
    USART2_IRQHandler                        0x08004dd5   Thumb Code     6  stm32f4xx_it.o(i.USART2_IRQHandler)
    USART3_IRQHandler                        0x08004de1   Thumb Code     6  stm32f4xx_it.o(i.USART3_IRQHandler)
    UsageFault_Handler                       0x08004ded   Thumb Code     2  stm32f4xx_it.o(i.UsageFault_Handler)
    Usart3Printf                             0x08004df1   Thumb Code    38  usart_dsl.o(i.Usart3Printf)
    Value_StartTask                          0x08004e21   Thumb Code   122  freertos.o(i.Value_StartTask)
    WiFi_Handle                              0x08004ee5   Thumb Code   174  usart_dsl.o(i.WiFi_Handle)
    WiFi_StartTask                           0x08005045   Thumb Code    20  freertos.o(i.WiFi_StartTask)
    YFS401_Start                             0x0800505d   Thumb Code    46  yfs401.o(i.YFS401_Start)
    YFS401_Stop                              0x0800509d   Thumb Code    18  yfs401.o(i.YFS401_Stop)
    __0printf                                0x080050b9   Thumb Code    22  printfa.o(i.__0printf)
    __1printf                                0x080050b9   Thumb Code     0  printfa.o(i.__0printf)
    __2printf                                0x080050b9   Thumb Code     0  printfa.o(i.__0printf)
    __c89printf                              0x080050b9   Thumb Code     0  printfa.o(i.__0printf)
    printf                                   0x080050b9   Thumb Code     0  printfa.o(i.__0printf)
    __0sprintf                               0x080050d9   Thumb Code    34  printfa.o(i.__0sprintf)
    __1sprintf                               0x080050d9   Thumb Code     0  printfa.o(i.__0sprintf)
    __2sprintf                               0x080050d9   Thumb Code     0  printfa.o(i.__0sprintf)
    __c89sprintf                             0x080050d9   Thumb Code     0  printfa.o(i.__0sprintf)
    sprintf                                  0x080050d9   Thumb Code     0  printfa.o(i.__0sprintf)
    __0vsnprintf                             0x08005101   Thumb Code    40  printfa.o(i.__0vsnprintf)
    __1vsnprintf                             0x08005101   Thumb Code     0  printfa.o(i.__0vsnprintf)
    __2vsnprintf                             0x08005101   Thumb Code     0  printfa.o(i.__0vsnprintf)
    __c89vsnprintf                           0x08005101   Thumb Code     0  printfa.o(i.__0vsnprintf)
    vsnprintf                                0x08005101   Thumb Code     0  printfa.o(i.__0vsnprintf)
    free                                     0x0800514d   Thumb Code    88  mallocr.o(i.__free$realloc)
    __hardfp_strtod                          0x080051a9   Thumb Code    30  strtod.o(i.__hardfp_strtod)
    malloc                                   0x080051d1   Thumb Code    64  mallocr.o(i.__malloc$realloc)
    __scatterload_copy                       0x08005221   Thumb Code    14  handlers.o(i.__scatterload_copy)
    __scatterload_null                       0x0800522f   Thumb Code     2  handlers.o(i.__scatterload_null)
    __scatterload_zeroinit                   0x08005231   Thumb Code    14  handlers.o(i.__scatterload_zeroinit)
    _is_digit                                0x080053c5   Thumb Code    14  scanf_fp.o(i._is_digit)
    cJSON_Delete                             0x08005b55   Thumb Code    66  cjson.o(i.cJSON_Delete)
    cJSON_GetObjectItem                      0x08005b9d   Thumb Code     6  cjson.o(i.cJSON_GetObjectItem)
    cJSON_Parse                              0x08005bb9   Thumb Code     8  cjson.o(i.cJSON_Parse)
    cJSON_ParseWithLengthOpts                0x08005bc1   Thumb Code   210  cjson.o(i.cJSON_ParseWithLengthOpts)
    cJSON_ParseWithOpts                      0x08005c9d   Thumb Code    34  cjson.o(i.cJSON_ParseWithOpts)
    configureTimerForRunTimeStats            0x08005cbf   Thumb Code     2  freertos.o(i.configureTimerForRunTimeStats)
    extractJsonData                          0x08005cc1   Thumb Code    48  usart_dsl.o(i.extractJsonData)
    fputc                                    0x08005cf1   Thumb Code    20  usart_dsl.o(i.fputc)
    getRunTimeCounterValue                   0x08005d09   Thumb Code     4  freertos.o(i.getRunTimeCounterValue)
    main                                     0x08005dd9   Thumb Code    66  main.o(i.main)
    osDelay                                  0x08005e1b   Thumb Code    26  cmsis_os2.o(i.osDelay)
    osKernelInitialize                       0x08005e35   Thumb Code    32  cmsis_os2.o(i.osKernelInitialize)
    osKernelStart                            0x08005e59   Thumb Code    48  cmsis_os2.o(i.osKernelStart)
    osMutexNew                               0x08005e91   Thumb Code   104  cmsis_os2.o(i.osMutexNew)
    osSemaphoreAcquire                       0x08005ef9   Thumb Code    88  cmsis_os2.o(i.osSemaphoreAcquire)
    osSemaphoreNew                           0x08005f55   Thumb Code   152  cmsis_os2.o(i.osSemaphoreNew)
    osSemaphoreRelease                       0x08005fed   Thumb Code    82  cmsis_os2.o(i.osSemaphoreRelease)
    osThreadNew                              0x08006045   Thumb Code   138  cmsis_os2.o(i.osThreadNew)
    pvPortMalloc                             0x08006da5   Thumb Code   216  heap_4.o(i.pvPortMalloc)
    pvTaskIncrementMutexHeldCount            0x08006e81   Thumb Code    18  tasks.o(i.pvTaskIncrementMutexHeldCount)
    pxPortInitialiseStack                    0x08006e99   Thumb Code    40  port.o(i.pxPortInitialiseStack)
    realloc                                  0x08006ec5   Thumb Code   102  mallocr.o(i.realloc)
    uxListRemove                             0x08007003   Thumb Code    38  list.o(i.uxListRemove)
    vApplicationGetIdleTaskMemory            0x08007029   Thumb Code    16  cmsis_os2.o(i.vApplicationGetIdleTaskMemory)
    vApplicationGetTimerTaskMemory           0x0800703d   Thumb Code    18  cmsis_os2.o(i.vApplicationGetTimerTaskMemory)
    vListInitialise                          0x08007055   Thumb Code    22  list.o(i.vListInitialise)
    vListInitialiseItem                      0x0800706b   Thumb Code     6  list.o(i.vListInitialiseItem)
    vListInsert                              0x08007071   Thumb Code    48  list.o(i.vListInsert)
    vListInsertEnd                           0x080070a1   Thumb Code    24  list.o(i.vListInsertEnd)
    vPortEnterCritical                       0x080070b9   Thumb Code    54  port.o(i.vPortEnterCritical)
    vPortExitCritical                        0x080070f9   Thumb Code    34  port.o(i.vPortExitCritical)
    vPortFree                                0x08007121   Thumb Code    94  heap_4.o(i.vPortFree)
    vPortSetupTimerInterrupt                 0x08007185   Thumb Code    32  port.o(i.vPortSetupTimerInterrupt)
    vPortValidateInterruptPriority           0x080071a9   Thumb Code    74  port.o(i.vPortValidateInterruptPriority)
    vQueueAddToRegistry                      0x080071fd   Thumb Code    34  queue.o(i.vQueueAddToRegistry)
    vQueueDelete                             0x08007225   Thumb Code    46  queue.o(i.vQueueDelete)
    vQueueUnregisterQueue                    0x08007255   Thumb Code    36  queue.o(i.vQueueUnregisterQueue)
    vQueueWaitForMessageRestricted           0x0800727d   Thumb Code    68  queue.o(i.vQueueWaitForMessageRestricted)
    vTaskDelay                               0x080072c1   Thumb Code    66  tasks.o(i.vTaskDelay)
    vTaskInternalSetTimeOutState             0x0800730d   Thumb Code    12  tasks.o(i.vTaskInternalSetTimeOutState)
    vTaskMissedYield                         0x0800731d   Thumb Code     8  tasks.o(i.vTaskMissedYield)
    vTaskPlaceOnEventList                    0x08007329   Thumb Code    44  tasks.o(i.vTaskPlaceOnEventList)
    vTaskPlaceOnEventListRestricted          0x08007359   Thumb Code    52  tasks.o(i.vTaskPlaceOnEventListRestricted)
    vTaskPriorityDisinheritAfterTimeout      0x08007391   Thumb Code   134  tasks.o(i.vTaskPriorityDisinheritAfterTimeout)
    vTaskStartScheduler                      0x08007421   Thumb Code   122  tasks.o(i.vTaskStartScheduler)
    vTaskSuspendAll                          0x080074ad   Thumb Code    10  tasks.o(i.vTaskSuspendAll)
    vTaskSwitchContext                       0x080074bd   Thumb Code   114  tasks.o(i.vTaskSwitchContext)
    xPortStartScheduler                      0x08007539   Thumb Code   222  port.o(i.xPortStartScheduler)
    xPortSysTickHandler                      0x0800762d   Thumb Code    38  port.o(i.xPortSysTickHandler)
    xQueueCreateCountingSemaphore            0x08007659   Thumb Code    58  queue.o(i.xQueueCreateCountingSemaphore)
    xQueueCreateCountingSemaphoreStatic      0x08007693   Thumb Code    64  queue.o(i.xQueueCreateCountingSemaphoreStatic)
    xQueueCreateMutex                        0x080076d3   Thumb Code    22  queue.o(i.xQueueCreateMutex)
    xQueueCreateMutexStatic                  0x080076e9   Thumb Code    26  queue.o(i.xQueueCreateMutexStatic)
    xQueueGenericCreate                      0x08007703   Thumb Code    66  queue.o(i.xQueueGenericCreate)
    xQueueGenericCreateStatic                0x08007745   Thumb Code   102  queue.o(i.xQueueGenericCreateStatic)
    xQueueGenericReset                       0x080077ad   Thumb Code   132  queue.o(i.xQueueGenericReset)
    xQueueGenericSend                        0x08007835   Thumb Code   346  queue.o(i.xQueueGenericSend)
    xQueueGenericSendFromISR                 0x08007995   Thumb Code   190  queue.o(i.xQueueGenericSendFromISR)
    xQueueGiveFromISR                        0x08007a53   Thumb Code   156  queue.o(i.xQueueGiveFromISR)
    xQueueReceive                            0x08007af1   Thumb Code   308  queue.o(i.xQueueReceive)
    xQueueReceiveFromISR                     0x08007c29   Thumb Code   154  queue.o(i.xQueueReceiveFromISR)
    xQueueSemaphoreTake                      0x08007cc5   Thumb Code   372  queue.o(i.xQueueSemaphoreTake)
    xTaskCheckForTimeOut                     0x08007e3d   Thumb Code   112  tasks.o(i.xTaskCheckForTimeOut)
    xTaskCreate                              0x08007eb1   Thumb Code    90  tasks.o(i.xTaskCreate)
    xTaskCreateStatic                        0x08007f0b   Thumb Code    86  tasks.o(i.xTaskCreateStatic)
    xTaskGetSchedulerState                   0x08007f61   Thumb Code    22  tasks.o(i.xTaskGetSchedulerState)
    xTaskGetTickCount                        0x08007f7d   Thumb Code     6  tasks.o(i.xTaskGetTickCount)
    xTaskIncrementTick                       0x08007f89   Thumb Code   192  tasks.o(i.xTaskIncrementTick)
    xTaskPriorityDisinherit                  0x08008051   Thumb Code   118  tasks.o(i.xTaskPriorityDisinherit)
    xTaskPriorityInherit                     0x080080d1   Thumb Code   112  tasks.o(i.xTaskPriorityInherit)
    xTaskRemoveFromEventList                 0x08008149   Thumb Code    98  tasks.o(i.xTaskRemoveFromEventList)
    xTaskResumeAll                           0x080081b9   Thumb Code   182  tasks.o(i.xTaskResumeAll)
    xTimerCreateTimerTask                    0x0800827d   Thumb Code    78  timers.o(i.xTimerCreateTimerTask)
    xTimerGenericCommand                     0x080082dd   Thumb Code    98  timers.o(i.xTimerGenericCommand)
    defaultTask_attributes                   0x08008344   Data          36  freertos.o(.constdata)
    HMI_Task_attributes                      0x08008368   Data          36  freertos.o(.constdata)
    WiFi_Task_attributes                     0x0800838c   Data          36  freertos.o(.constdata)
    RFID_Task_attributes                     0x080083b0   Data          36  freertos.o(.constdata)
    Value_Task_attributes                    0x080083d4   Data          36  freertos.o(.constdata)
    Flow_Task_attributes                     0x080083f8   Data          36  freertos.o(.constdata)
    Mutex_Trace_attributes                   0x0800841c   Data          16  freertos.o(.constdata)
    HMI_BinarySem_attributes                 0x0800842c   Data          16  freertos.o(.constdata)
    WiFi_BinarySem_attributes                0x0800843c   Data          16  freertos.o(.constdata)
    Flow_BinarySem_attributes                0x0800844c   Data          16  freertos.o(.constdata)
    AHBPrescTable                            0x08008464   Data          16  system_stm32f4xx.o(.constdata)
    APBPrescTable                            0x08008474   Data           8  system_stm32f4xx.o(.constdata)
    __ctype_categories                       0x0800847c   Data          64  ctype_c.o(.constdata)
    Region$$Table$$Base                      0x08008598   Number         0  anon$$obj.o(Region$$Table)
    Region$$Table$$Limit                     0x080085b8   Number         0  anon$$obj.o(Region$$Table)
    defaultTaskHandle                        0x20000000   Data           4  freertos.o(.data)
    HMI_TaskHandle                           0x20000004   Data           4  freertos.o(.data)
    WiFi_TaskHandle                          0x20000008   Data           4  freertos.o(.data)
    RFID_TaskHandle                          0x2000000c   Data           4  freertos.o(.data)
    Value_TaskHandle                         0x20000010   Data           4  freertos.o(.data)
    Flow_TaskHandle                          0x20000014   Data           4  freertos.o(.data)
    Mutex_TraceHandle                        0x20000018   Data           4  freertos.o(.data)
    HMI_BinarySemHandle                      0x2000001c   Data           4  freertos.o(.data)
    WiFi_BinarySemHandle                     0x20000020   Data           4  freertos.o(.data)
    Flow_BinarySemHandle                     0x20000024   Data           4  freertos.o(.data)
    uwTickFreq                               0x20000028   Data           1  stm32f4xx_hal.o(.data)
    uwTickPrio                               0x2000002c   Data           4  stm32f4xx_hal.o(.data)
    uwTick                                   0x20000030   Data           4  stm32f4xx_hal.o(.data)
    SystemCoreClock                          0x20000034   Data           4  system_stm32f4xx.o(.data)
    pxCurrentTCB                             0x20000038   Data           4  tasks.o(.data)
    DSL                                      0x200000d4   Data          20  all_init.o(.data)
    DMA_Status                               0x200000e8   Data           1  tds.o(.data)
    ADC_DMABuffer_AV                         0x200000ea   Data           2  tds.o(.data)
    compensationCoefficient                  0x200000ec   Data           4  tds.o(.data)
    compensationVolatge                      0x200000f0   Data           4  tds.o(.data)
    Uart2_RxCnt                              0x200000f4   Data           1  usart_dsl.o(.data)
    Uart3_RxCnt                              0x200000f5   Data           1  usart_dsl.o(.data)
    Rx1Data                                  0x200000f6   Data           1  usart_dsl.o(.data)
    Rx2Data                                  0x200000f7   Data           1  usart_dsl.o(.data)
    Rx3Data                                  0x200000f8   Data           1  usart_dsl.o(.data)
    ucArray_ID                               0x200000fa   Data           4  rc522.o(.data)
    flowModel                                0x20000100   Data           1  yfs401.o(.data)
    pluse1L                                  0x20000104   Data           4  yfs401.o(.data)
    flowK                                    0x20000108   Data          12  yfs401.o(.data)
    pulseCntPerLiter                         0x20000114   Data          12  yfs401.o(.data)
    __stdout                                 0x20000120   Data           4  stdout.o(.data)
    __microlib_freelist                      0x20000124   Data           4  mvars.o(.data)
    __microlib_freelist_initialised          0x20000128   Data           4  mvars.o(.data)
    ESP8266_message                          0x2000012c   Data         500  freertos.o(.bss)
    taskInfoBuffer                           0x20000320   Data         512  freertos.o(.bss)
    hadc1                                    0x20000520   Data          72  adc.o(.bss)
    hdma_adc1                                0x20000568   Data          96  adc.o(.bss)
    hspi2                                    0x200005c8   Data          88  spi.o(.bss)
    htim2                                    0x20000620   Data          72  tim.o(.bss)
    htim7                                    0x20000668   Data          72  tim.o(.bss)
    huart4                                   0x200006b0   Data          68  usart.o(.bss)
    huart1                                   0x200006f4   Data          68  usart.o(.bss)
    huart2                                   0x20000738   Data          68  usart.o(.bss)
    huart3                                   0x2000077c   Data          68  usart.o(.bss)
    htim1                                    0x200007c0   Data          72  stm32f4xx_hal_timebase_tim.o(.bss)
    xQueueRegistry                           0x20000808   Data          64  queue.o(.bss)
    ESP8266_struct                           0x200050e4   Data        1260  esp8266.o(.bss)
    ADC_DMABuffer                            0x200055d0   Data         200  tds.o(.bss)
    jsonBuffer                               0x20005698   Data         255  usart_dsl.o(.bss)
    Uart1TxBuf                               0x20005797   Data         255  usart_dsl.o(.bss)
    Rx2Buff                                  0x20005896   Data          64  usart_dsl.o(.bss)
    Uart2TxBuf                               0x200058d6   Data         255  usart_dsl.o(.bss)
    Rx3Buff                                  0x200059d5   Data         255  usart_dsl.o(.bss)
    Uart3TxBuf                               0x20005ad4   Data         255  usart_dsl.o(.bss)
    CardID                                   0x20005bd3   Data          10  rc522.o(.bss)
    UserID                                   0x20005bdd   Data          10  rc522.o(.bss)
    golbal_flow                              0x20005be8   Data          12  yfs401.o(.bss)
    __heap_base                              0x20005bf8   Data           0  startup_stm32f407xx.o(HEAP)
    __heap_limit                             0x200067f8   Data           0  startup_stm32f407xx.o(HEAP)
    __initial_sp                             0x20006bf8   Data           0  startup_stm32f407xx.o(STACK)



==============================================================================

Memory Map of the image

  Image Entry point : 0x08000189

  Load Region LR_IROM1 (Base: 0x08000000, Size: 0x000086e4, Max: 0x00100000, ABSOLUTE, COMPRESSED[0x000085ec])

    Execution Region ER_IROM1 (Exec base: 0x08000000, Load base: 0x08000000, Size: 0x000085b8, Max: 0x00100000, ABSOLUTE)

    Exec Addr    Load Addr    Size         Type   Attr      Idx    E Section Name        Object

    0x08000000   0x08000000   0x00000188   Data   RO            3    RESET               startup_stm32f407xx.o
    0x08000188   0x08000188   0x00000000   Code   RO         6825  * .ARM.Collect$$$$00000000  mc_w.l(entry.o)
    0x08000188   0x08000188   0x00000004   Code   RO         7169    .ARM.Collect$$$$00000001  mc_w.l(entry2.o)
    0x0800018c   0x0800018c   0x00000004   Code   RO         7172    .ARM.Collect$$$$00000004  mc_w.l(entry5.o)
    0x08000190   0x08000190   0x00000000   Code   RO         7174    .ARM.Collect$$$$00000008  mc_w.l(entry7b.o)
    0x08000190   0x08000190   0x00000000   Code   RO         7176    .ARM.Collect$$$$0000000A  mc_w.l(entry8b.o)
    0x08000190   0x08000190   0x00000008   Code   RO         7177    .ARM.Collect$$$$0000000B  mc_w.l(entry9a.o)
    0x08000198   0x08000198   0x00000000   Code   RO         7179    .ARM.Collect$$$$0000000D  mc_w.l(entry10a.o)
    0x08000198   0x08000198   0x00000000   Code   RO         7181    .ARM.Collect$$$$0000000F  mc_w.l(entry11a.o)
    0x08000198   0x08000198   0x00000004   Code   RO         7170    .ARM.Collect$$$$00002712  mc_w.l(entry2.o)
    0x0800019c   0x0800019c   0x000000be   Code   RO         5547    .emb_text           port.o
    0x0800025a   0x0800025a   0x00000002   PAD
    0x0800025c   0x0800025c   0x00000024   Code   RO            4    .text               startup_stm32f407xx.o
    0x08000280   0x08000280   0x00000062   Code   RO         6828    .text               mc_w.l(uldiv.o)
    0x080002e2   0x080002e2   0x0000000c   Code   RO         6830    .text               mc_w.l(tolower.o)
    0x080002ee   0x080002ee   0x00000024   Code   RO         6832    .text               mc_w.l(memcpya.o)
    0x08000312   0x08000312   0x00000024   Code   RO         6836    .text               mc_w.l(memseta.o)
    0x08000336   0x08000336   0x00000024   Code   RO         6838    .text               mc_w.l(strstr.o)
    0x0800035a   0x0800035a   0x00000018   Code   RO         6840    .text               mc_w.l(strncpy.o)
    0x08000372   0x08000372   0x00000014   Code   RO         6842    .text               mc_w.l(strchr.o)
    0x08000386   0x08000386   0x0000000e   Code   RO         6844    .text               mc_w.l(strlen.o)
    0x08000394   0x08000394   0x0000001c   Code   RO         6846    .text               mc_w.l(strcmp.o)
    0x080003b0   0x080003b0   0x00000012   Code   RO         6848    .text               mc_w.l(strcpy.o)
    0x080003c2   0x080003c2   0x0000001e   Code   RO         6850    .text               mc_w.l(strncmp.o)
    0x080003e0   0x080003e0   0x00000020   Code   RO         6852    .text               mc_w.l(strrchr.o)
    0x08000400   0x08000400   0x00000360   Code   RO         7147    .text               mc_w.l(scanf_fp.o)
    0x08000760   0x08000760   0x0000014e   Code   RO         7151    .text               mf_w.l(dadd.o)
    0x080008ae   0x080008ae   0x000000e4   Code   RO         7153    .text               mf_w.l(dmul.o)
    0x08000992   0x08000992   0x00000022   Code   RO         7155    .text               mf_w.l(dflti.o)
    0x080009b4   0x080009b4   0x0000001a   Code   RO         7157    .text               mf_w.l(dfltui.o)
    0x080009ce   0x080009ce   0x0000003e   Code   RO         7159    .text               mf_w.l(dfixi.o)
    0x08000a0c   0x08000a0c   0x00000026   Code   RO         7161    .text               mf_w.l(f2d.o)
    0x08000a32   0x08000a32   0x00000002   PAD
    0x08000a34   0x08000a34   0x00000030   Code   RO         7163    .text               mf_w.l(cdcmple.o)
    0x08000a64   0x08000a64   0x00000030   Code   RO         7165    .text               mf_w.l(cdrcmple.o)
    0x08000a94   0x08000a94   0x00000038   Code   RO         7167    .text               mf_w.l(d2f.o)
    0x08000acc   0x08000acc   0x0000002c   Code   RO         7184    .text               mc_w.l(uidiv.o)
    0x08000af8   0x08000af8   0x0000001e   Code   RO         7186    .text               mc_w.l(llshl.o)
    0x08000b16   0x08000b16   0x00000020   Code   RO         7188    .text               mc_w.l(llushr.o)
    0x08000b36   0x08000b36   0x00000024   Code   RO         7190    .text               mc_w.l(llsshr.o)
    0x08000b5a   0x08000b5a   0x00000040   Code   RO         7196    .text               mc_w.l(_sgetc.o)
    0x08000b9a   0x08000b9a   0x00000002   PAD
    0x08000b9c   0x08000b9c   0x0000009c   Code   RO         7198    .text               mc_w.l(strtod.o)
    0x08000c38   0x08000c38   0x00000000   Code   RO         7200    .text               mc_w.l(iusefp.o)
    0x08000c38   0x08000c38   0x0000006e   Code   RO         7201    .text               mf_w.l(fepilogue.o)
    0x08000ca6   0x08000ca6   0x000000ba   Code   RO         7203    .text               mf_w.l(depilogue.o)
    0x08000d60   0x08000d60   0x000000de   Code   RO         7205    .text               mf_w.l(ddiv.o)
    0x08000e3e   0x08000e3e   0x00000018   Code   RO         7207    .text               mf_w.l(dfltul.o)
    0x08000e56   0x08000e56   0x00000030   Code   RO         7209    .text               mf_w.l(dfixul.o)
    0x08000e86   0x08000e86   0x00000002   PAD
    0x08000e88   0x08000e88   0x00000024   Code   RO         7211    .text               mc_w.l(init.o)
    0x08000eac   0x08000eac   0x0000000a   Code   RO         7213    .text               mc_w.l(isspace_c.o)
    0x08000eb6   0x08000eb6   0x00000002   PAD
    0x08000eb8   0x08000eb8   0x00000028   Code   RO         7217    .text               mc_w.l(ctype_c.o)
    0x08000ee0   0x08000ee0   0x00000056   Code   RO         7228    .text               mc_w.l(__dczerorl2.o)
    0x08000f36   0x08000f36   0x0000006e   Code   RO          748    i.ADC_DMAConvCplt   stm32f4xx_hal_adc.o
    0x08000fa4   0x08000fa4   0x00000016   Code   RO          749    i.ADC_DMAError      stm32f4xx_hal_adc.o
    0x08000fba   0x08000fba   0x0000000a   Code   RO          750    i.ADC_DMAHalfConvCplt  stm32f4xx_hal_adc.o
    0x08000fc4   0x08000fc4   0x00000128   Code   RO          751    i.ADC_Init          stm32f4xx_hal_adc.o
    0x080010ec   0x080010ec   0x000000cc   Code   RO         6246    i.ALL_Init          all_init.o
    0x080011b8   0x080011b8   0x00000002   Code   RO          585    i.BusFault_Handler  stm32f4xx_it.o
    0x080011ba   0x080011ba   0x00000002   PAD
    0x080011bc   0x080011bc   0x00000024   Code   RO         6349    i.CPU_TS_TmrInit    core_delay.o
    0x080011e0   0x080011e0   0x00000044   Code   RO         6351    i.CPU_TS_Tmr_Delay_US  core_delay.o
    0x08001224   0x08001224   0x00000024   Code   RO          586    i.DMA2_Stream0_IRQHandler  stm32f4xx_it.o
    0x08001248   0x08001248   0x00000028   Code   RO         1485    i.DMA_CalcBaseAndBitshift  stm32f4xx_hal_dma.o
    0x08001270   0x08001270   0x00000054   Code   RO         1486    i.DMA_CheckFifoParam  stm32f4xx_hal_dma.o
    0x080012c4   0x080012c4   0x00000028   Code   RO         1487    i.DMA_SetConfig     stm32f4xx_hal_dma.o
    0x080012ec   0x080012ec   0x00000044   Code   RO         6387    i.DQ_GPIO_IN        ds18b20.o
    0x08001330   0x08001330   0x00000040   Code   RO         6389    i.DQ_GPIO_OUT       ds18b20.o
    0x08001370   0x08001370   0x00000018   Code   RO         6390    i.DQ_Write          ds18b20.o
    0x08001388   0x08001388   0x00000002   Code   RO          587    i.DebugMon_Handler  stm32f4xx_it.o
    0x0800138a   0x0800138a   0x00000002   PAD
    0x0800138c   0x0800138c   0x00000058   Code   RO         6391    i.Ds18B20_CheckPulse  ds18b20.o
    0x080013e4   0x080013e4   0x00000022   Code   RO         6392    i.Ds18B20_Read_Byte  ds18b20.o
    0x08001406   0x08001406   0x00000002   PAD
    0x08001408   0x08001408   0x00000048   Code   RO         6393    i.Ds18B20_Write_Byte  ds18b20.o
    0x08001450   0x08001450   0x0000006c   Code   RO         6394    i.Ds18b20_Get_Temp  ds18b20.o
    0x080014bc   0x080014bc   0x00000070   Code   RO         6395    i.Ds18b20_Init      ds18b20.o
    0x0800152c   0x0800152c   0x00000038   Code   RO         6396    i.Ds18b20_Read_Bit  ds18b20.o
    0x08001564   0x08001564   0x00000024   Code   RO         6397    i.Ds18b20_Reset     ds18b20.o
    0x08001588   0x08001588   0x00000018   Code   RO         6285    i.ESP8266_Clear     esp8266.o
    0x080015a0   0x080015a0   0x000002c4   Code   RO         6286    i.ESP8266_Init      esp8266.o
    0x08001864   0x08001864   0x00000054   Code   RO         6287    i.ESP8266_SendCMD   esp8266.o
    0x080018b8   0x080018b8   0x00000058   Code   RO         6288    i.ESP8266_SendData  esp8266.o
    0x08001910   0x08001910   0x00000028   Code   RO         6290    i.ESP8266_WaitRecive  esp8266.o
    0x08001938   0x08001938   0x00000004   Code   RO           13    i.Error_Handler     main.o
    0x0800193c   0x0800193c   0x0000012c   Code   RO         6773    i.Flow_Read         yfs401.o
    0x08001a68   0x08001a68   0x00000018   Code   RO          258    i.Flow_StartTask    freertos.o
    0x08001a80   0x08001a80   0x0000014c   Code   RO          753    i.HAL_ADC_ConfigChannel  stm32f4xx_hal_adc.o
    0x08001bcc   0x08001bcc   0x00000002   Code   RO          754    i.HAL_ADC_ConvCpltCallback  stm32f4xx_hal_adc.o
    0x08001bce   0x08001bce   0x00000002   Code   RO          755    i.HAL_ADC_ConvHalfCpltCallback  stm32f4xx_hal_adc.o
    0x08001bd0   0x08001bd0   0x00000002   Code   RO          757    i.HAL_ADC_ErrorCallback  stm32f4xx_hal_adc.o
    0x08001bd2   0x08001bd2   0x00000054   Code   RO          762    i.HAL_ADC_Init      stm32f4xx_hal_adc.o
    0x08001c26   0x08001c26   0x00000002   PAD
    0x08001c28   0x08001c28   0x00000098   Code   RO          370    i.HAL_ADC_MspInit   adc.o
    0x08001cc0   0x08001cc0   0x00000154   Code   RO          769    i.HAL_ADC_Start_DMA  stm32f4xx_hal_adc.o
    0x08001e14   0x08001e14   0x0000006c   Code   RO          772    i.HAL_ADC_Stop_DMA  stm32f4xx_hal_adc.o
    0x08001e80   0x08001e80   0x00000092   Code   RO         1488    i.HAL_DMA_Abort     stm32f4xx_hal_dma.o
    0x08001f12   0x08001f12   0x00000024   Code   RO         1489    i.HAL_DMA_Abort_IT  stm32f4xx_hal_dma.o
    0x08001f36   0x08001f36   0x00000002   PAD
    0x08001f38   0x08001f38   0x000001a0   Code   RO         1493    i.HAL_DMA_IRQHandler  stm32f4xx_hal_dma.o
    0x080020d8   0x080020d8   0x000000d4   Code   RO         1494    i.HAL_DMA_Init      stm32f4xx_hal_dma.o
    0x080021ac   0x080021ac   0x0000006e   Code   RO         1498    i.HAL_DMA_Start_IT  stm32f4xx_hal_dma.o
    0x0800221a   0x0800221a   0x00000002   PAD
    0x0800221c   0x0800221c   0x00000024   Code   RO         1907    i.HAL_Delay         stm32f4xx_hal.o
    0x08002240   0x08002240   0x000001f0   Code   RO         1381    i.HAL_GPIO_Init     stm32f4xx_hal_gpio.o
    0x08002430   0x08002430   0x0000000a   Code   RO         1383    i.HAL_GPIO_ReadPin  stm32f4xx_hal_gpio.o
    0x0800243a   0x0800243a   0x0000000a   Code   RO         1385    i.HAL_GPIO_WritePin  stm32f4xx_hal_gpio.o
    0x08002444   0x08002444   0x0000000c   Code   RO         1913    i.HAL_GetTick       stm32f4xx_hal.o
    0x08002450   0x08002450   0x00000010   Code   RO         1919    i.HAL_IncTick       stm32f4xx_hal.o
    0x08002460   0x08002460   0x00000034   Code   RO         1920    i.HAL_Init          stm32f4xx_hal.o
    0x08002494   0x08002494   0x0000008c   Code   RO          709    i.HAL_InitTick      stm32f4xx_hal_timebase_tim.o
    0x08002520   0x08002520   0x00000038   Code   RO          685    i.HAL_MspInit       stm32f4xx_hal_msp.o
    0x08002558   0x08002558   0x0000001a   Code   RO         1770    i.HAL_NVIC_EnableIRQ  stm32f4xx_hal_cortex.o
    0x08002572   0x08002572   0x00000002   PAD
    0x08002574   0x08002574   0x00000040   Code   RO         1776    i.HAL_NVIC_SetPriority  stm32f4xx_hal_cortex.o
    0x080025b4   0x080025b4   0x00000024   Code   RO         1777    i.HAL_NVIC_SetPriorityGrouping  stm32f4xx_hal_cortex.o
    0x080025d8   0x080025d8   0x00000134   Code   RO         1027    i.HAL_RCC_ClockConfig  stm32f4xx_hal_rcc.o
    0x0800270c   0x0800270c   0x00000040   Code   RO         1031    i.HAL_RCC_GetClockConfig  stm32f4xx_hal_rcc.o
    0x0800274c   0x0800274c   0x00000020   Code   RO         1034    i.HAL_RCC_GetPCLK1Freq  stm32f4xx_hal_rcc.o
    0x0800276c   0x0800276c   0x00000020   Code   RO         1035    i.HAL_RCC_GetPCLK2Freq  stm32f4xx_hal_rcc.o
    0x0800278c   0x0800278c   0x00000060   Code   RO         1036    i.HAL_RCC_GetSysClockFreq  stm32f4xx_hal_rcc.o
    0x080027ec   0x080027ec   0x0000036c   Code   RO         1039    i.HAL_RCC_OscConfig  stm32f4xx_hal_rcc.o
    0x08002b58   0x08002b58   0x000000bc   Code   RO         2169    i.HAL_SPI_Init      stm32f4xx_hal_spi.o
    0x08002c14   0x08002c14   0x00000090   Code   RO          436    i.HAL_SPI_MspInit   spi.o
    0x08002ca4   0x08002ca4   0x000001e2   Code   RO         2178    i.HAL_SPI_TransmitReceive  stm32f4xx_hal_spi.o
    0x08002e86   0x08002e86   0x00000002   Code   RO         3186    i.HAL_TIMEx_BreakCallback  stm32f4xx_hal_tim_ex.o
    0x08002e88   0x08002e88   0x00000002   Code   RO         3187    i.HAL_TIMEx_CommutCallback  stm32f4xx_hal_tim_ex.o
    0x08002e8a   0x08002e8a   0x00000002   PAD
    0x08002e8c   0x08002e8c   0x00000090   Code   RO         3205    i.HAL_TIMEx_MasterConfigSynchronization  stm32f4xx_hal_tim_ex.o
    0x08002f1c   0x08002f1c   0x0000005a   Code   RO         2482    i.HAL_TIM_Base_Init  stm32f4xx_hal_tim.o
    0x08002f76   0x08002f76   0x00000002   PAD
    0x08002f78   0x08002f78   0x0000008c   Code   RO          478    i.HAL_TIM_Base_MspInit  tim.o
    0x08003004   0x08003004   0x00000078   Code   RO         2485    i.HAL_TIM_Base_Start  stm32f4xx_hal_tim.o
    0x0800307c   0x0800307c   0x00000080   Code   RO         2487    i.HAL_TIM_Base_Start_IT  stm32f4xx_hal_tim.o
    0x080030fc   0x080030fc   0x00000026   Code   RO         2488    i.HAL_TIM_Base_Stop  stm32f4xx_hal_tim.o
    0x08003122   0x08003122   0x00000030   Code   RO         2490    i.HAL_TIM_Base_Stop_IT  stm32f4xx_hal_tim.o
    0x08003152   0x08003152   0x000000dc   Code   RO         2491    i.HAL_TIM_ConfigClockSource  stm32f4xx_hal_tim.o
    0x0800322e   0x0800322e   0x00000002   Code   RO         2516    i.HAL_TIM_IC_CaptureCallback  stm32f4xx_hal_tim.o
    0x08003230   0x08003230   0x00000166   Code   RO         2530    i.HAL_TIM_IRQHandler  stm32f4xx_hal_tim.o
    0x08003396   0x08003396   0x00000002   Code   RO         2533    i.HAL_TIM_OC_DelayElapsedCallback  stm32f4xx_hal_tim.o
    0x08003398   0x08003398   0x00000002   Code   RO         2560    i.HAL_TIM_PWM_PulseFinishedCallback  stm32f4xx_hal_tim.o
    0x0800339a   0x0800339a   0x00000002   PAD
    0x0800339c   0x0800339c   0x00000048   Code   RO           14    i.HAL_TIM_PeriodElapsedCallback  main.o
    0x080033e4   0x080033e4   0x00000002   Code   RO         2573    i.HAL_TIM_TriggerCallback  stm32f4xx_hal_tim.o
    0x080033e6   0x080033e6   0x00000002   Code   RO         3464    i.HAL_UARTEx_RxEventCallback  stm32f4xx_hal_uart.o
    0x080033e8   0x080033e8   0x00000002   Code   RO         3478    i.HAL_UART_ErrorCallback  stm32f4xx_hal_uart.o
    0x080033ea   0x080033ea   0x00000002   PAD
    0x080033ec   0x080033ec   0x00000268   Code   RO         3481    i.HAL_UART_IRQHandler  stm32f4xx_hal_uart.o
    0x08003654   0x08003654   0x00000062   Code   RO         3482    i.HAL_UART_Init     stm32f4xx_hal_uart.o
    0x080036b6   0x080036b6   0x00000002   PAD
    0x080036b8   0x080036b8   0x00000174   Code   RO          526    i.HAL_UART_MspInit  usart.o
    0x0800382c   0x0800382c   0x0000002a   Code   RO         3487    i.HAL_UART_Receive_IT  stm32f4xx_hal_uart.o
    0x08003856   0x08003856   0x00000002   PAD
    0x08003858   0x08003858   0x00000148   Code   RO         6513    i.HAL_UART_RxCpltCallback  usart_dsl.o
    0x080039a0   0x080039a0   0x000000b2   Code   RO         3490    i.HAL_UART_Transmit  stm32f4xx_hal_uart.o
    0x08003a52   0x08003a52   0x00000002   Code   RO         3493    i.HAL_UART_TxCpltCallback  stm32f4xx_hal_uart.o
    0x08003a54   0x08003a54   0x00000128   Code   RO         6514    i.HMI_Handle        usart_dsl.o
    0x08003b7c   0x08003b7c   0x00000018   Code   RO          259    i.HMI_StartTask     freertos.o
    0x08003b94   0x08003b94   0x00000002   Code   RO          588    i.HardFault_Handler  stm32f4xx_it.o
    0x08003b96   0x08003b96   0x00000002   PAD
    0x08003b98   0x08003b98   0x00000060   Code   RO         6247    i.LoRa_Init         all_init.o
    0x08003bf8   0x08003bf8   0x00000064   Code   RO         6603    i.MFRC_CalulateCRC  rc522.o
    0x08003c5c   0x08003c5c   0x00000018   Code   RO         6604    i.MFRC_ClrBitMask   rc522.o
    0x08003c74   0x08003c74   0x00000120   Code   RO         6605    i.MFRC_CmdFrame     rc522.o
    0x08003d94   0x08003d94   0x00000020   Code   RO         6606    i.MFRC_Init         rc522.o
    0x08003db4   0x08003db4   0x0000003c   Code   RO         6607    i.MFRC_ReadReg      rc522.o
    0x08003df0   0x08003df0   0x00000018   Code   RO         6608    i.MFRC_SetBitMask   rc522.o
    0x08003e08   0x08003e08   0x0000003c   Code   RO         6609    i.MFRC_WriteReg     rc522.o
    0x08003e44   0x08003e44   0x00000064   Code   RO          371    i.MX_ADC1_Init      adc.o
    0x08003ea8   0x08003ea8   0x0000002c   Code   RO          411    i.MX_DMA_Init       dma.o
    0x08003ed4   0x08003ed4   0x000000ac   Code   RO          260    i.MX_FREERTOS_Init  freertos.o
    0x08003f80   0x08003f80   0x000000d8   Code   RO          234    i.MX_GPIO_Init      gpio.o
    0x08004058   0x08004058   0x00000048   Code   RO          437    i.MX_SPI2_Init      spi.o
    0x080040a0   0x080040a0   0x00000068   Code   RO          479    i.MX_TIM2_Init      tim.o
    0x08004108   0x08004108   0x00000048   Code   RO          480    i.MX_TIM7_Init      tim.o
    0x08004150   0x08004150   0x00000038   Code   RO          527    i.MX_UART4_Init     usart.o
    0x08004188   0x08004188   0x00000038   Code   RO          528    i.MX_USART1_UART_Init  usart.o
    0x080041c0   0x080041c0   0x00000038   Code   RO          529    i.MX_USART2_UART_Init  usart.o
    0x080041f8   0x080041f8   0x00000038   Code   RO          530    i.MX_USART3_UART_Init  usart.o
    0x08004230   0x08004230   0x00000002   Code   RO          589    i.MemManage_Handler  stm32f4xx_it.o
    0x08004232   0x08004232   0x00000002   Code   RO          590    i.NMI_Handler       stm32f4xx_it.o
    0x08004234   0x08004234   0x00000008   Code   RO         6610    i.PCD_AntennaOff    rc522.o
    0x0800423c   0x0800423c   0x0000001a   Code   RO         6611    i.PCD_AntennaOn     rc522.o
    0x08004256   0x08004256   0x0000006a   Code   RO         6612    i.PCD_Anticoll      rc522.o
    0x080042c0   0x080042c0   0x00000030   Code   RO         6615    i.PCD_Halt          rc522.o
    0x080042f0   0x080042f0   0x00000080   Code   RO         6616    i.PCD_Init          rc522.o
    0x08004370   0x08004370   0x00000056   Code   RO         6617    i.PCD_Mode          rc522.o
    0x080043c6   0x080043c6   0x00000050   Code   RO         6619    i.PCD_Request       rc522.o
    0x08004416   0x08004416   0x00000002   PAD
    0x08004418   0x08004418   0x0000008c   Code   RO         6620    i.PCD_Reset         rc522.o
    0x080044a4   0x080044a4   0x00000064   Code   RO         6621    i.PCD_Select        rc522.o
    0x08004508   0x08004508   0x00000110   Code   RO         6624    i.RC522_Read        rc522.o
    0x08004618   0x08004618   0x00000010   Code   RO          261    i.RFID_StartTask    freertos.o
    0x08004628   0x08004628   0x00000024   Code   RO         6626    i.SPI2_RW_Byte      rc522.o
    0x0800464c   0x0800464c   0x00000058   Code   RO         2207    i.SPI_EndRxTxTransaction  stm32f4xx_hal_spi.o
    0x080046a4   0x080046a4   0x000000b8   Code   RO         2212    i.SPI_WaitFlagStateUntilTimeout  stm32f4xx_hal_spi.o
    0x0800475c   0x0800475c   0x0000000c   Code   RO          262    i.StartDefaultTask  freertos.o
    0x08004768   0x08004768   0x0000001a   Code   RO         4979    i.SysTick_Handler   cmsis_os2.o
    0x08004782   0x08004782   0x00000002   PAD
    0x08004784   0x08004784   0x00000094   Code   RO           15    i.SystemClock_Config  main.o
    0x08004818   0x08004818   0x00000010   Code   RO         3811    i.SystemInit        system_stm32f4xx.o
    0x08004828   0x08004828   0x000000e0   Code   RO         6476    i.TDS_GetValue      tds.o
    0x08004908   0x08004908   0x00000088   Code   RO         6477    i.TDS_Init          tds.o
    0x08004990   0x08004990   0x0000000c   Code   RO          591    i.TIM1_UP_TIM10_IRQHandler  stm32f4xx_it.o
    0x0800499c   0x0800499c   0x0000000c   Code   RO          592    i.TIM7_IRQHandler   stm32f4xx_it.o
    0x080049a8   0x080049a8   0x000000c8   Code   RO         2575    i.TIM_Base_SetConfig  stm32f4xx_hal_tim.o
    0x08004a70   0x08004a70   0x00000014   Code   RO         2586    i.TIM_ETR_SetConfig  stm32f4xx_hal_tim.o
    0x08004a84   0x08004a84   0x00000010   Code   RO         2587    i.TIM_ITRx_SetConfig  stm32f4xx_hal_tim.o
    0x08004a94   0x08004a94   0x00000022   Code   RO         2593    i.TIM_TI1_ConfigInputStage  stm32f4xx_hal_tim.o
    0x08004ab6   0x08004ab6   0x00000024   Code   RO         2595    i.TIM_TI2_ConfigInputStage  stm32f4xx_hal_tim.o
    0x08004ada   0x08004ada   0x00000002   PAD
    0x08004adc   0x08004adc   0x0000000c   Code   RO          593    i.UART4_IRQHandler  stm32f4xx_it.o
    0x08004ae8   0x08004ae8   0x00000010   Code   RO         3495    i.UART_DMAAbortOnError  stm32f4xx_hal_uart.o
    0x08004af8   0x08004af8   0x0000004e   Code   RO         3505    i.UART_EndRxTransfer  stm32f4xx_hal_uart.o
    0x08004b46   0x08004b46   0x000000c0   Code   RO         3507    i.UART_Receive_IT   stm32f4xx_hal_uart.o
    0x08004c06   0x08004c06   0x00000002   PAD
    0x08004c08   0x08004c08   0x0000010c   Code   RO         3508    i.UART_SetConfig    stm32f4xx_hal_uart.o
    0x08004d14   0x08004d14   0x0000003a   Code   RO         3510    i.UART_Start_Receive_IT  stm32f4xx_hal_uart.o
    0x08004d4e   0x08004d4e   0x00000078   Code   RO         3511    i.UART_WaitOnFlagUntilTimeout  stm32f4xx_hal_uart.o
    0x08004dc6   0x08004dc6   0x00000002   PAD
    0x08004dc8   0x08004dc8   0x0000000c   Code   RO          594    i.USART1_IRQHandler  stm32f4xx_it.o
    0x08004dd4   0x08004dd4   0x0000000c   Code   RO          595    i.USART2_IRQHandler  stm32f4xx_it.o
    0x08004de0   0x08004de0   0x0000000c   Code   RO          596    i.USART3_IRQHandler  stm32f4xx_it.o
    0x08004dec   0x08004dec   0x00000002   Code   RO          597    i.UsageFault_Handler  stm32f4xx_it.o
    0x08004dee   0x08004dee   0x00000002   PAD
    0x08004df0   0x08004df0   0x00000030   Code   RO         6517    i.Usart3Printf      usart_dsl.o
    0x08004e20   0x08004e20   0x000000c4   Code   RO          264    i.Value_StartTask   freertos.o
    0x08004ee4   0x08004ee4   0x00000160   Code   RO         6518    i.WiFi_Handle       usart_dsl.o
    0x08005044   0x08005044   0x00000018   Code   RO          265    i.WiFi_StartTask    freertos.o
    0x0800505c   0x0800505c   0x00000040   Code   RO         6774    i.YFS401_Start      yfs401.o
    0x0800509c   0x0800509c   0x0000001c   Code   RO         6775    i.YFS401_Stop       yfs401.o
    0x080050b8   0x080050b8   0x00000020   Code   RO         7089    i.__0printf         mc_w.l(printfa.o)
    0x080050d8   0x080050d8   0x00000028   Code   RO         7091    i.__0sprintf        mc_w.l(printfa.o)
    0x08005100   0x08005100   0x0000002c   Code   RO         7094    i.__0vsnprintf      mc_w.l(printfa.o)
    0x0800512c   0x0800512c   0x00000020   Code   RO         1783    i.__NVIC_SetPriority  stm32f4xx_hal_cortex.o
    0x0800514c   0x0800514c   0x0000005c   Code   RO         7121    i.__free$realloc    mc_w.l(mallocr.o)
    0x080051a8   0x080051a8   0x00000028   Code   RO         6819    i.__hardfp_strtod   m_wm.l(strtod.o)
    0x080051d0   0x080051d0   0x00000050   Code   RO         7122    i.__malloc$realloc  mc_w.l(mallocr.o)
    0x08005220   0x08005220   0x0000000e   Code   RO         7222    i.__scatterload_copy  mc_w.l(handlers.o)
    0x0800522e   0x0800522e   0x00000002   Code   RO         7223    i.__scatterload_null  mc_w.l(handlers.o)
    0x08005230   0x08005230   0x0000000e   Code   RO         7224    i.__scatterload_zeroinit  mc_w.l(handlers.o)
    0x0800523e   0x0800523e   0x00000002   PAD
    0x08005240   0x08005240   0x00000184   Code   RO         7096    i._fp_digits        mc_w.l(printfa.o)
    0x080053c4   0x080053c4   0x0000000e   Code   RO         7149    i._is_digit         mc_w.l(scanf_fp.o)
    0x080053d2   0x080053d2   0x00000002   PAD
    0x080053d4   0x080053d4   0x000006dc   Code   RO         7097    i._printf_core      mc_w.l(printfa.o)
    0x08005ab0   0x08005ab0   0x00000024   Code   RO         7098    i._printf_post_padding  mc_w.l(printfa.o)
    0x08005ad4   0x08005ad4   0x0000002e   Code   RO         7099    i._printf_pre_padding  mc_w.l(printfa.o)
    0x08005b02   0x08005b02   0x00000016   Code   RO         7100    i._snputc           mc_w.l(printfa.o)
    0x08005b18   0x08005b18   0x0000000a   Code   RO         7101    i._sputc            mc_w.l(printfa.o)
    0x08005b22   0x08005b22   0x00000030   Code   RO         5626    i.buffer_skip_whitespace  cjson.o
    0x08005b52   0x08005b52   0x00000002   PAD
    0x08005b54   0x08005b54   0x00000048   Code   RO         5658    i.cJSON_Delete      cjson.o
    0x08005b9c   0x08005b9c   0x00000006   Code   RO         5671    i.cJSON_GetObjectItem  cjson.o
    0x08005ba2   0x08005ba2   0x00000016   Code   RO         5688    i.cJSON_New_Item    cjson.o
    0x08005bb8   0x08005bb8   0x00000008   Code   RO         5689    i.cJSON_Parse       cjson.o
    0x08005bc0   0x08005bc0   0x000000dc   Code   RO         5691    i.cJSON_ParseWithLengthOpts  cjson.o
    0x08005c9c   0x08005c9c   0x00000022   Code   RO         5692    i.cJSON_ParseWithOpts  cjson.o
    0x08005cbe   0x08005cbe   0x00000002   Code   RO          266    i.configureTimerForRunTimeStats  freertos.o
    0x08005cc0   0x08005cc0   0x00000030   Code   RO         6519    i.extractJsonData   usart_dsl.o
    0x08005cf0   0x08005cf0   0x00000018   Code   RO         6521    i.fputc             usart_dsl.o
    0x08005d08   0x08005d08   0x00000004   Code   RO          267    i.getRunTimeCounterValue  freertos.o
    0x08005d0c   0x08005d0c   0x0000007a   Code   RO         5711    i.get_object_item   cjson.o
    0x08005d86   0x08005d86   0x00000002   PAD
    0x08005d88   0x08005d88   0x00000050   Code   RO         7123    i.internal_alloc    mc_w.l(mallocr.o)
    0x08005dd8   0x08005dd8   0x00000042   Code   RO           16    i.main              main.o
    0x08005e1a   0x08005e1a   0x0000001a   Code   RO         4981    i.osDelay           cmsis_os2.o
    0x08005e34   0x08005e34   0x00000024   Code   RO         4995    i.osKernelInitialize  cmsis_os2.o
    0x08005e58   0x08005e58   0x00000038   Code   RO         4998    i.osKernelStart     cmsis_os2.o
    0x08005e90   0x08005e90   0x00000068   Code   RO         5021    i.osMutexNew        cmsis_os2.o
    0x08005ef8   0x08005ef8   0x0000005c   Code   RO         5023    i.osSemaphoreAcquire  cmsis_os2.o
    0x08005f54   0x08005f54   0x00000098   Code   RO         5026    i.osSemaphoreNew    cmsis_os2.o
    0x08005fec   0x08005fec   0x00000058   Code   RO         5027    i.osSemaphoreRelease  cmsis_os2.o
    0x08006044   0x08006044   0x0000008a   Code   RO         5040    i.osThreadNew       cmsis_os2.o
    0x080060ce   0x080060ce   0x000000d0   Code   RO         5713    i.parse_array       cjson.o
    0x0800619e   0x0800619e   0x00000040   Code   RO         5714    i.parse_hex4        cjson.o
    0x080061de   0x080061de   0x00000002   PAD
    0x080061e0   0x080061e0   0x00000100   Code   RO         5715    i.parse_number      cjson.o
    0x080062e0   0x080062e0   0x0000010a   Code   RO         5716    i.parse_object      cjson.o
    0x080063ea   0x080063ea   0x0000010c   Code   RO         5717    i.parse_string      cjson.o
    0x080064f6   0x080064f6   0x00000002   PAD
    0x080064f8   0x080064f8   0x000000fc   Code   RO         5718    i.parse_value       cjson.o
    0x080065f4   0x080065f4   0x0000005c   Code   RO         4419    i.prvAddCurrentTaskToDelayedList  tasks.o
    0x08006650   0x08006650   0x000000d0   Code   RO         4420    i.prvAddNewTaskToReadyList  tasks.o
    0x08006720   0x08006720   0x00000058   Code   RO         4805    i.prvCheckForValidListAndQueue  timers.o
    0x08006778   0x08006778   0x00000026   Code   RO         4016    i.prvCopyDataFromQueue  queue.o
    0x0800679e   0x0800679e   0x0000006c   Code   RO         4017    i.prvCopyDataToQueue  queue.o
    0x0800680a   0x0800680a   0x00000034   Code   RO         4421    i.prvDeleteTCB      tasks.o
    0x0800683e   0x0800683e   0x00000002   PAD
    0x08006840   0x08006840   0x0000004c   Code   RO         5492    i.prvHeapInit       heap_4.o
    0x0800688c   0x0800688c   0x00000060   Code   RO         4422    i.prvIdleTask       tasks.o
    0x080068ec   0x080068ec   0x00000016   Code   RO         4018    i.prvInitialiseMutex  queue.o
    0x08006902   0x08006902   0x00000002   PAD
    0x08006904   0x08006904   0x00000022   Code   RO         4019    i.prvInitialiseNewQueue  queue.o
    0x08006926   0x08006926   0x00000002   PAD
    0x08006928   0x08006928   0x000000b2   Code   RO         4423    i.prvInitialiseNewTask  tasks.o
    0x080069da   0x080069da   0x00000002   PAD
    0x080069dc   0x080069dc   0x0000004c   Code   RO         5493    i.prvInsertBlockIntoFreeList  heap_4.o
    0x08006a28   0x08006a28   0x00000038   Code   RO         4807    i.prvInsertTimerInActiveList  timers.o
    0x08006a60   0x08006a60   0x0000001c   Code   RO         4020    i.prvIsQueueEmpty   queue.o
    0x08006a7c   0x08006a7c   0x000000fc   Code   RO         4808    i.prvProcessReceivedCommands  timers.o
    0x08006b78   0x08006b78   0x000000c0   Code   RO         4809    i.prvProcessTimerOrBlockTask  timers.o
    0x08006c38   0x08006c38   0x00000020   Code   RO         4425    i.prvResetNextTaskUnblockTime  tasks.o
    0x08006c58   0x08006c58   0x00000028   Code   RO         4810    i.prvSampleTimeNow  timers.o
    0x08006c80   0x08006c80   0x0000006c   Code   RO         4811    i.prvSwitchTimerLists  timers.o
    0x08006cec   0x08006cec   0x00000028   Code   RO         5548    i.prvTaskExitError  port.o
    0x08006d14   0x08006d14   0x00000024   Code   RO         4812    i.prvTimerTask      timers.o
    0x08006d38   0x08006d38   0x0000006a   Code   RO         4021    i.prvUnlockQueue    queue.o
    0x08006da2   0x08006da2   0x00000002   PAD
    0x08006da4   0x08006da4   0x000000dc   Code   RO         5494    i.pvPortMalloc      heap_4.o
    0x08006e80   0x08006e80   0x00000018   Code   RO         4429    i.pvTaskIncrementMutexHeldCount  tasks.o
    0x08006e98   0x08006e98   0x0000002c   Code   RO         5549    i.pxPortInitialiseStack  port.o
    0x08006ec4   0x08006ec4   0x0000006c   Code   RO         7124    i.realloc           mc_w.l(mallocr.o)
    0x08006f30   0x08006f30   0x000000d2   Code   RO         5727    i.utf16_literal_to_utf8  cjson.o
    0x08007002   0x08007002   0x00000026   Code   RO         3976    i.uxListRemove      list.o
    0x08007028   0x08007028   0x00000014   Code   RO         5052    i.vApplicationGetIdleTaskMemory  cmsis_os2.o
    0x0800703c   0x0800703c   0x00000018   Code   RO         5053    i.vApplicationGetTimerTaskMemory  cmsis_os2.o
    0x08007054   0x08007054   0x00000016   Code   RO         3977    i.vListInitialise   list.o
    0x0800706a   0x0800706a   0x00000006   Code   RO         3978    i.vListInitialiseItem  list.o
    0x08007070   0x08007070   0x00000030   Code   RO         3979    i.vListInsert       list.o
    0x080070a0   0x080070a0   0x00000018   Code   RO         3980    i.vListInsertEnd    list.o
    0x080070b8   0x080070b8   0x00000040   Code   RO         5551    i.vPortEnterCritical  port.o
    0x080070f8   0x080070f8   0x00000028   Code   RO         5552    i.vPortExitCritical  port.o
    0x08007120   0x08007120   0x00000064   Code   RO         5495    i.vPortFree         heap_4.o
    0x08007184   0x08007184   0x00000024   Code   RO         5553    i.vPortSetupTimerInterrupt  port.o
    0x080071a8   0x080071a8   0x00000054   Code   RO         5554    i.vPortValidateInterruptPriority  port.o
    0x080071fc   0x080071fc   0x00000028   Code   RO         4027    i.vQueueAddToRegistry  queue.o
    0x08007224   0x08007224   0x0000002e   Code   RO         4028    i.vQueueDelete      queue.o
    0x08007252   0x08007252   0x00000002   PAD
    0x08007254   0x08007254   0x00000028   Code   RO         4030    i.vQueueUnregisterQueue  queue.o
    0x0800727c   0x0800727c   0x00000044   Code   RO         4031    i.vQueueWaitForMessageRestricted  queue.o
    0x080072c0   0x080072c0   0x0000004c   Code   RO         4439    i.vTaskDelay        tasks.o
    0x0800730c   0x0800730c   0x00000010   Code   RO         4445    i.vTaskInternalSetTimeOutState  tasks.o
    0x0800731c   0x0800731c   0x0000000c   Code   RO         4447    i.vTaskMissedYield  tasks.o
    0x08007328   0x08007328   0x00000030   Code   RO         4449    i.vTaskPlaceOnEventList  tasks.o
    0x08007358   0x08007358   0x00000038   Code   RO         4450    i.vTaskPlaceOnEventListRestricted  tasks.o
    0x08007390   0x08007390   0x00000090   Code   RO         4452    i.vTaskPriorityDisinheritAfterTimeout  tasks.o
    0x08007420   0x08007420   0x0000008c   Code   RO         4458    i.vTaskStartScheduler  tasks.o
    0x080074ac   0x080074ac   0x00000010   Code   RO         4460    i.vTaskSuspendAll   tasks.o
    0x080074bc   0x080074bc   0x0000007c   Code   RO         4461    i.vTaskSwitchContext  tasks.o
    0x08007538   0x08007538   0x000000f4   Code   RO         5555    i.xPortStartScheduler  port.o
    0x0800762c   0x0800762c   0x0000002c   Code   RO         5556    i.xPortSysTickHandler  port.o
    0x08007658   0x08007658   0x0000003a   Code   RO         4032    i.xQueueCreateCountingSemaphore  queue.o
    0x08007692   0x08007692   0x00000040   Code   RO         4033    i.xQueueCreateCountingSemaphoreStatic  queue.o
    0x080076d2   0x080076d2   0x00000016   Code   RO         4034    i.xQueueCreateMutex  queue.o
    0x080076e8   0x080076e8   0x0000001a   Code   RO         4035    i.xQueueCreateMutexStatic  queue.o
    0x08007702   0x08007702   0x00000042   Code   RO         4036    i.xQueueGenericCreate  queue.o
    0x08007744   0x08007744   0x00000066   Code   RO         4037    i.xQueueGenericCreateStatic  queue.o
    0x080077aa   0x080077aa   0x00000002   PAD
    0x080077ac   0x080077ac   0x00000088   Code   RO         4038    i.xQueueGenericReset  queue.o
    0x08007834   0x08007834   0x00000160   Code   RO         4039    i.xQueueGenericSend  queue.o
    0x08007994   0x08007994   0x000000be   Code   RO         4040    i.xQueueGenericSendFromISR  queue.o
    0x08007a52   0x08007a52   0x0000009c   Code   RO         4043    i.xQueueGiveFromISR  queue.o
    0x08007aee   0x08007aee   0x00000002   PAD
    0x08007af0   0x08007af0   0x00000138   Code   RO         4049    i.xQueueReceive     queue.o
    0x08007c28   0x08007c28   0x0000009a   Code   RO         4050    i.xQueueReceiveFromISR  queue.o
    0x08007cc2   0x08007cc2   0x00000002   PAD
    0x08007cc4   0x08007cc4   0x00000178   Code   RO         4051    i.xQueueSemaphoreTake  queue.o
    0x08007e3c   0x08007e3c   0x00000074   Code   RO         4463    i.xTaskCheckForTimeOut  tasks.o
    0x08007eb0   0x08007eb0   0x0000005a   Code   RO         4464    i.xTaskCreate       tasks.o
    0x08007f0a   0x08007f0a   0x00000056   Code   RO         4465    i.xTaskCreateStatic  tasks.o
    0x08007f60   0x08007f60   0x0000001c   Code   RO         4469    i.xTaskGetSchedulerState  tasks.o
    0x08007f7c   0x08007f7c   0x0000000c   Code   RO         4470    i.xTaskGetTickCount  tasks.o
    0x08007f88   0x08007f88   0x000000c8   Code   RO         4472    i.xTaskIncrementTick  tasks.o
    0x08008050   0x08008050   0x00000080   Code   RO         4475    i.xTaskPriorityDisinherit  tasks.o
    0x080080d0   0x080080d0   0x00000078   Code   RO         4476    i.xTaskPriorityInherit  tasks.o
    0x08008148   0x08008148   0x00000070   Code   RO         4477    i.xTaskRemoveFromEventList  tasks.o
    0x080081b8   0x080081b8   0x000000c4   Code   RO         4478    i.xTaskResumeAll    tasks.o
    0x0800827c   0x0800827c   0x00000060   Code   RO         4821    i.xTimerCreateTimerTask  timers.o
    0x080082dc   0x080082dc   0x00000068   Code   RO         4822    i.xTimerGenericCommand  timers.o
    0x08008344   0x08008344   0x00000118   Data   RO          269    .constdata          freertos.o
    0x0800845c   0x0800845c   0x00000008   Data   RO         1500    .constdata          stm32f4xx_hal_dma.o
    0x08008464   0x08008464   0x00000010   Data   RO         3812    .constdata          system_stm32f4xx.o
    0x08008474   0x08008474   0x00000008   Data   RO         3813    .constdata          system_stm32f4xx.o
    0x0800847c   0x0800847c   0x00000040   Data   RO         7218    .constdata          mc_w.l(ctype_c.o)
    0x080084bc   0x080084bc   0x000000db   Data   RO          270    .conststring        freertos.o
    0x08008597   0x08008597   0x00000001   PAD
    0x08008598   0x08008598   0x00000020   Data   RO         7220    Region$$Table       anon$$obj.o


    Execution Region RW_IRAM1 (Exec base: 0x20000000, Load base: 0x080085b8, Size: 0x00006bf8, Max: 0x0001c000, ABSOLUTE, COMPRESSED[0x00000034])

    Exec Addr    Load Addr    Size         Type   Attr      Idx    E Section Name        Object

    0x20000000   COMPRESSED   0x00000028   Data   RW          271    .data               freertos.o
    0x20000028   COMPRESSED   0x0000000c   Data   RW         1927    .data               stm32f4xx_hal.o
    0x20000034   COMPRESSED   0x00000004   Data   RW         3814    .data               system_stm32f4xx.o
    0x20000038   COMPRESSED   0x00000044   Data   RW         4481    .data               tasks.o
    0x2000007c   COMPRESSED   0x00000014   Data   RW         4830    .data               timers.o
    0x20000090   COMPRESSED   0x00000004   Data   RW         5055    .data               cmsis_os2.o
    0x20000094   COMPRESSED   0x00000020   Data   RW         5501    .data               heap_4.o
    0x200000b4   COMPRESSED   0x0000000c   Data   RW         5557    .data               port.o
    0x200000c0   COMPRESSED   0x00000014   Data   RW         5729    .data               cjson.o
    0x200000d4   COMPRESSED   0x00000014   Data   RW         6248    .data               all_init.o
    0x200000e8   COMPRESSED   0x0000000c   Data   RW         6479    .data               tds.o
    0x200000f4   COMPRESSED   0x00000005   Data   RW         6524    .data               usart_dsl.o
    0x200000f9   COMPRESSED   0x00000005   Data   RW         6630    .data               rc522.o
    0x200000fe   COMPRESSED   0x00000002   PAD
    0x20000100   COMPRESSED   0x00000020   Data   RW         6777    .data               yfs401.o
    0x20000120   COMPRESSED   0x00000004   Data   RW         7183    .data               mc_w.l(stdout.o)
    0x20000124   COMPRESSED   0x00000004   Data   RW         7192    .data               mc_w.l(mvars.o)
    0x20000128   COMPRESSED   0x00000004   Data   RW         7193    .data               mc_w.l(mvars.o)
    0x2000012c        -       0x000003f4   Zero   RW          268    .bss                freertos.o
    0x20000520        -       0x000000a8   Zero   RW          372    .bss                adc.o
    0x200005c8        -       0x00000058   Zero   RW          438    .bss                spi.o
    0x20000620        -       0x00000090   Zero   RW          481    .bss                tim.o
    0x200006b0        -       0x00000110   Zero   RW          531    .bss                usart.o
    0x200007c0        -       0x00000048   Zero   RW          712    .bss                stm32f4xx_hal_timebase_tim.o
    0x20000808        -       0x00000040   Zero   RW         4053    .bss                queue.o
    0x20000848        -       0x000004c4   Zero   RW         4480    .bss                tasks.o
    0x20000d0c        -       0x00000118   Zero   RW         4829    .bss                timers.o
    0x20000e24        -       0x000006c0   Zero   RW         5054    .bss                cmsis_os2.o
    0x200014e4        -       0x00003c00   Zero   RW         5500    .bss                heap_4.o
    0x200050e4        -       0x000004ec   Zero   RW         6291    .bss                esp8266.o
    0x200055d0        -       0x000000c8   Zero   RW         6478    .bss                tds.o
    0x20005698        -       0x0000053b   Zero   RW         6522    .bss                usart_dsl.o
    0x20005bd3        -       0x00000014   Zero   RW         6628    .bss                rc522.o
    0x20005be7   COMPRESSED   0x00000001   PAD
    0x20005be8        -       0x0000000c   Zero   RW         6776    .bss                yfs401.o
    0x20005bf4   COMPRESSED   0x00000004   PAD
    0x20005bf8        -       0x00000c00   Zero   RW            2    HEAP                startup_stm32f407xx.o
    0x200067f8        -       0x00000400   Zero   RW            1    STACK               startup_stm32f407xx.o


    Execution Region RW_IRAM2 (Exec base: 0x2001c000, Load base: 0x080085ec, Size: 0x00000000, Max: 0x00004000, ABSOLUTE)

    **** No section assigned to this execution region ****


==============================================================================

Image component sizes


      Code (inc. data)   RO Data    RW Data    ZI Data      Debug   Object Name

       252         34          0          0        168       1803   adc.o
       300        158          0         20          0       1729   all_init.o
      2056         68          0         20          0      18796   cjson.o
       762         32          0          4       1728      69087   cmsis_os2.o
       104         22          0          0          0       1776   core_delay.o
        44          4          0          0          0        786   dma.o
       662        100          0          0          0       6749   ds18b20.o
       944        524          0          0       1260       4947   esp8266.o
         0          0          0          0          0      19400   event_groups.o
       474        118        499         40       1012       6843   freertos.o
       216         12          0          0          0       1051   gpio.o
       472         24          0         32      15360       4903   heap_4.o
       138          0          0          0          0       3586   list.o
       290         30          0          0          0     725764   main.o
       786         82          0         12          0      11561   port.o
      2544         28          0          0         64      28522   queue.o
      1618        216          0          5         20      13214   rc522.o
       216         26          0          0         88       1757   spi.o
        36          8        392          0       4096        840   startup_stm32f407xx.o
       116         18          0         12          0       8758   stm32f4xx_hal.o
      1308         66          0          0          0       8284   stm32f4xx_hal_adc.o
       158         14          0          0          0      33194   stm32f4xx_hal_cortex.o
      1084         16          8          0          0       7394   stm32f4xx_hal_dma.o
       516         46          0          0          0       2867   stm32f4xx_hal_gpio.o
        56          4          0          0          0        878   stm32f4xx_hal_msp.o
      1408         82          0          0          0       5929   stm32f4xx_hal_rcc.o
       942         12          0          0          0       4937   stm32f4xx_hal_spi.o
      1316        102          0          0          0      12153   stm32f4xx_hal_tim.o
       148         28          0          0          0       2473   stm32f4xx_hal_tim_ex.o
       140         20          0          0         72       1447   stm32f4xx_hal_timebase_tim.o
      1672         16          0          0          0      11460   stm32f4xx_hal_uart.o
       120         48          0          0          0       6203   stm32f4xx_it.o
         0          0          0          0          0        412   stream_buffer.o
        16          4         24          4          0       1139   system_stm32f4xx.o
      2402        192          0         68       1220      29849   tasks.o
       360        132          0         12        200       2238   tds.o
       316         26          0          0        144       2471   tim.o
       972         80          0         20        280      32139   timers.o
       596         66          0          0        272       3875   usart.o
      1096        364          0          5       1339       9574   usart_dsl.o
       392        140          0         32         12       3136   yfs401.o

    ----------------------------------------------------------------------
     27116       2962        956        288      27340    1113924   Object Totals
         0          0         32          0          0          0   (incl. Generated)
        68          0          1          2          5          0   (incl. Padding)

    ----------------------------------------------------------------------

      Code (inc. data)   RO Data    RW Data    ZI Data      Debug   Library Member Name

        40         10          0          0          0        128   strtod.o
        86          0          0          0          0          0   __dczerorl2.o
        64          0          0          0          0         84   _sgetc.o
        40          6         64          0          0         68   ctype_c.o
         0          0          0          0          0          0   entry.o
         0          0          0          0          0          0   entry10a.o
         0          0          0          0          0          0   entry11a.o
         8          4          0          0          0          0   entry2.o
         4          0          0          0          0          0   entry5.o
         0          0          0          0          0          0   entry7b.o
         0          0          0          0          0          0   entry8b.o
         8          4          0          0          0          0   entry9a.o
        30          0          0          0          0          0   handlers.o
        36          8          0          0          0         68   init.o
        10          0          0          0          0         68   isspace_c.o
         0          0          0          0          0          0   iusefp.o
        30          0          0          0          0         68   llshl.o
        36          0          0          0          0         68   llsshr.o
        32          0          0          0          0         68   llushr.o
       360         30          0          0          0        356   mallocr.o
        36          0          0          0          0         68   memcpya.o
        36          0          0          0          0        108   memseta.o
         0          0          0          8          0          0   mvars.o
      2374        100          0          0          0        752   printfa.o
       878         12          0          0          0        216   scanf_fp.o
         0          0          0          4          0          0   stdout.o
        20          0          0          0          0         68   strchr.o
        28          0          0          0          0         76   strcmp.o
        18          0          0          0          0         68   strcpy.o
        14          0          0          0          0         68   strlen.o
        30          0          0          0          0         80   strncmp.o
        24          0          0          0          0         76   strncpy.o
        32          0          0          0          0         68   strrchr.o
        36          0          0          0          0         80   strstr.o
       156         12          0          0          0        120   strtod.o
        12          0          0          0          0         68   tolower.o
        44          0          0          0          0         80   uidiv.o
        98          0          0          0          0         92   uldiv.o
        48          0          0          0          0         68   cdcmple.o
        48          0          0          0          0         68   cdrcmple.o
        56          0          0          0          0         88   d2f.o
       334          0          0          0          0        148   dadd.o
       222          0          0          0          0        100   ddiv.o
       186          0          0          0          0        176   depilogue.o
        62          0          0          0          0         80   dfixi.o
        48          0          0          0          0         68   dfixul.o
        34          0          0          0          0         76   dflti.o
        26          0          0          0          0         76   dfltui.o
        24          0          0          0          0         76   dfltul.o
       228          0          0          0          0         96   dmul.o
        38          0          0          0          0         68   f2d.o
       110          0          0          0          0        168   fepilogue.o

    ----------------------------------------------------------------------
      6096        186         64         12          0       4420   Library Totals
        12          0          0          0          0          0   (incl. Padding)

    ----------------------------------------------------------------------

      Code (inc. data)   RO Data    RW Data    ZI Data      Debug   Library Name

        40         10          0          0          0        128   m_wm.l
      4580        176         64         12          0       2936   mc_w.l
      1464          0          0          0          0       1356   mf_w.l

    ----------------------------------------------------------------------
      6096        186         64         12          0       4420   Library Totals

    ----------------------------------------------------------------------

==============================================================================


      Code (inc. data)   RO Data    RW Data    ZI Data      Debug   

     33212       3148       1020        300      27340    1090284   Grand Totals
     33212       3148       1020         52      27340    1090284   ELF Image Totals (compressed)
     33212       3148       1020         52          0          0   ROM Totals

==============================================================================

    Total RO  Size (Code + RO Data)                34232 (  33.43kB)
    Total RW  Size (RW Data + ZI Data)             27640 (  26.99kB)
    Total ROM Size (Code + RO Data + RW Data)      34284 (  33.48kB)

==============================================================================

